Archive member included because of file (symbol)

c:/program files (x86)/atollic/truestudio for arm 5.4.0/armtools/bin/../lib/gcc/arm-atollic-eabi/4.8.3/../../../../arm-atollic-eabi/lib/armv7e-m/fpu\libc_s.a(lib_a-init.o)
                              src\startup_stm32f302x8.o (__libc_init_array)
c:/program files (x86)/atollic/truestudio for arm 5.4.0/armtools/bin/../lib/gcc/arm-atollic-eabi/4.8.3/../../../../arm-atollic-eabi/lib/armv7e-m/fpu\libc_s.a(lib_a-rand.o)
                              src\visEffect.o (rand)
c:/program files (x86)/atollic/truestudio for arm 5.4.0/armtools/bin/../lib/gcc/arm-atollic-eabi/4.8.3/../../../../arm-atollic-eabi/lib/armv7e-m/fpu\libc_s.a(lib_a-impure.o)
                              c:/program files (x86)/atollic/truestudio for arm 5.4.0/armtools/bin/../lib/gcc/arm-atollic-eabi/4.8.3/../../../../arm-atollic-eabi/lib/armv7e-m/fpu\libc_s.a(lib_a-rand.o) (_impure_ptr)
c:/program files (x86)/atollic/truestudio for arm 5.4.0/armtools/bin/../lib/gcc/arm-atollic-eabi/4.8.3/../../../../arm-atollic-eabi/lib/armv7e-m/fpu\libc_s.a(lib_a-malloc.o)
                              c:/program files (x86)/atollic/truestudio for arm 5.4.0/armtools/bin/../lib/gcc/arm-atollic-eabi/4.8.3/../../../../arm-atollic-eabi/lib/armv7e-m/fpu\libc_s.a(lib_a-rand.o) (malloc)
c:/program files (x86)/atollic/truestudio for arm 5.4.0/armtools/bin/../lib/gcc/arm-atollic-eabi/4.8.3/../../../../arm-atollic-eabi/lib/armv7e-m/fpu\libc_s.a(lib_a-nano-freer.o)
                              c:/program files (x86)/atollic/truestudio for arm 5.4.0/armtools/bin/../lib/gcc/arm-atollic-eabi/4.8.3/../../../../arm-atollic-eabi/lib/armv7e-m/fpu\libc_s.a(lib_a-malloc.o) (_free_r)
c:/program files (x86)/atollic/truestudio for arm 5.4.0/armtools/bin/../lib/gcc/arm-atollic-eabi/4.8.3/../../../../arm-atollic-eabi/lib/armv7e-m/fpu\libc_s.a(lib_a-nano-mallocr.o)
                              c:/program files (x86)/atollic/truestudio for arm 5.4.0/armtools/bin/../lib/gcc/arm-atollic-eabi/4.8.3/../../../../arm-atollic-eabi/lib/armv7e-m/fpu\libc_s.a(lib_a-malloc.o) (_malloc_r)
c:/program files (x86)/atollic/truestudio for arm 5.4.0/armtools/bin/../lib/gcc/arm-atollic-eabi/4.8.3/../../../../arm-atollic-eabi/lib/armv7e-m/fpu\libc_s.a(lib_a-sbrkr.o)
                              c:/program files (x86)/atollic/truestudio for arm 5.4.0/armtools/bin/../lib/gcc/arm-atollic-eabi/4.8.3/../../../../arm-atollic-eabi/lib/armv7e-m/fpu\libc_s.a(lib_a-nano-mallocr.o) (_sbrk_r)
c:/program files (x86)/atollic/truestudio for arm 5.4.0/armtools/bin/../lib/gcc/arm-atollic-eabi/4.8.3/../../../../arm-atollic-eabi/lib/armv7e-m/fpu\libc_s.a(lib_a-syscalls.o)
                              c:/program files (x86)/atollic/truestudio for arm 5.4.0/armtools/bin/../lib/gcc/arm-atollic-eabi/4.8.3/../../../../arm-atollic-eabi/lib/armv7e-m/fpu\libc_s.a(lib_a-sbrkr.o) (_sbrk)
c:/program files (x86)/atollic/truestudio for arm 5.4.0/armtools/bin/../lib/gcc/arm-atollic-eabi/4.8.3/../../../../arm-atollic-eabi/lib/armv7e-m/fpu\libc_s.a(lib_a-reent.o)
                              c:/program files (x86)/atollic/truestudio for arm 5.4.0/armtools/bin/../lib/gcc/arm-atollic-eabi/4.8.3/../../../../arm-atollic-eabi/lib/armv7e-m/fpu\libc_s.a(lib_a-sbrkr.o) (errno)

Allocating common symbols
Common symbol       size              file

errno               0x4               c:/program files (x86)/atollic/truestudio for arm 5.4.0/armtools/bin/../lib/gcc/arm-atollic-eabi/4.8.3/../../../../arm-atollic-eabi/lib/armv7e-m/fpu\libc_s.a(lib_a-reent.o)
tim2OC2             0x1c              src\ws2812b\ws2812b.o
frameBuffer2        0x3c              src\visEffect.o
dmaCC2              0x38              src\ws2812b\ws2812b.o
tim2OC1             0x1c              src\ws2812b\ws2812b.o
pFlash              0x20              Drivers\STM32F3xx_HAL_Driver\Src\stm32f3xx_hal_flash.o
tim_period          0x4               src\ws2812b\ws2812b.o
ws2812b             0x2c              src\ws2812b\ws2812b.o
dmaCC1              0x38              src\ws2812b\ws2812b.o
frameBuffer         0xb4              src\visEffect.o
Tim2Handle          0x3c              src\ws2812b\ws2812b.o
ws2812bDmaBitBuffer
                    0x60              src\ws2812b\ws2812b.o
dmaUpdate           0x38              src\ws2812b\ws2812b.o

Discarded input sections

 .text          0x00000000        0x0 c:/program files (x86)/atollic/truestudio for arm 5.4.0/armtools/bin/../lib/gcc/arm-atollic-eabi/4.8.3/armv7e-m/fpu/crti.o
 .data          0x00000000        0x0 c:/program files (x86)/atollic/truestudio for arm 5.4.0/armtools/bin/../lib/gcc/arm-atollic-eabi/4.8.3/armv7e-m/fpu/crti.o
 .bss           0x00000000        0x0 c:/program files (x86)/atollic/truestudio for arm 5.4.0/armtools/bin/../lib/gcc/arm-atollic-eabi/4.8.3/armv7e-m/fpu/crti.o
 .data          0x00000000        0x4 c:/program files (x86)/atollic/truestudio for arm 5.4.0/armtools/bin/../lib/gcc/arm-atollic-eabi/4.8.3/armv7e-m/fpu/crtbegin.o
[...]
Memory Configuration

Name             Origin             Length             Attributes
FLASH            0x08000000         0x00010000         xr
RAM              0x20000000         0x00004000         xrw
MEMORY_B1        0x60000000         0x00000000         xr
CCMRAM           0x10000000         0x00002000         rw
*default*        0x00000000         0xffffffff

Linker script and memory map

LOAD c:/program files (x86)/atollic/truestudio for arm 5.4.0/armtools/bin/../lib/gcc/arm-atollic-eabi/4.8.3/armv7e-m/fpu/crti.o
LOAD c:/program files (x86)/atollic/truestudio for arm 5.4.0/armtools/bin/../lib/gcc/arm-atollic-eabi/4.8.3/armv7e-m/fpu/crtbegin.o
LOAD src\ws2812b\ws2812b.o
LOAD src\visEffect.o
LOAD src\system_stm32f3xx.o
LOAD src\stm32f3xx_it.o
LOAD src\startup_stm32f302x8.o
LOAD src\main.o
LOAD Drivers\STM32F3xx_HAL_Driver\Src\stm32f3xx_ll_fmc.o
LOAD Drivers\STM32F3xx_HAL_Driver\Src\stm32f3xx_hal_wwdg.o
LOAD Drivers\STM32F3xx_HAL_Driver\Src\stm32f3xx_hal_usart.o
LOAD Drivers\STM32F3xx_HAL_Driver\Src\stm32f3xx_hal_uart_ex.o
LOAD Drivers\STM32F3xx_HAL_Driver\Src\stm32f3xx_hal_uart.o
LOAD Drivers\STM32F3xx_HAL_Driver\Src\stm32f3xx_hal_tsc.o
LOAD Drivers\STM32F3xx_HAL_Driver\Src\stm32f3xx_hal_tim_ex.o
LOAD Drivers\STM32F3xx_HAL_Driver\Src\stm32f3xx_hal_tim.o
LOAD Drivers\STM32F3xx_HAL_Driver\Src\stm32f3xx_hal_sram.o
LOAD Drivers\STM32F3xx_HAL_Driver\Src\stm32f3xx_hal_spi_ex.o
LOAD Drivers\STM32F3xx_HAL_Driver\Src\stm32f3xx_hal_spi.o
LOAD Drivers\STM32F3xx_HAL_Driver\Src\stm32f3xx_hal_smbus.o
LOAD Drivers\STM32F3xx_HAL_Driver\Src\stm32f3xx_hal_smartcard_ex.o
LOAD Drivers\STM32F3xx_HAL_Driver\Src\stm32f3xx_hal_smartcard.o
LOAD Drivers\STM32F3xx_HAL_Driver\Src\stm32f3xx_hal_sdadc.o
LOAD Drivers\STM32F3xx_HAL_Driver\Src\stm32f3xx_hal_rtc_ex.o
LOAD Drivers\STM32F3xx_HAL_Driver\Src\stm32f3xx_hal_rtc.o
LOAD Drivers\STM32F3xx_HAL_Driver\Src\stm32f3xx_hal_rcc_ex.o
LOAD Drivers\STM32F3xx_HAL_Driver\Src\stm32f3xx_hal_rcc.o
LOAD Drivers\STM32F3xx_HAL_Driver\Src\stm32f3xx_hal_pwr_ex.o
LOAD Drivers\STM32F3xx_HAL_Driver\Src\stm32f3xx_hal_pwr.o
LOAD Drivers\STM32F3xx_HAL_Driver\Src\stm32f3xx_hal_pcd_ex.o
LOAD Drivers\STM32F3xx_HAL_Driver\Src\stm32f3xx_hal_pcd.o
LOAD Drivers\STM32F3xx_HAL_Driver\Src\stm32f3xx_hal_pccard.o
LOAD Drivers\STM32F3xx_HAL_Driver\Src\stm32f3xx_hal_opamp_ex.o
LOAD Drivers\STM32F3xx_HAL_Driver\Src\stm32f3xx_hal_opamp.o
LOAD Drivers\STM32F3xx_HAL_Driver\Src\stm32f3xx_hal_nor.o
LOAD Drivers\STM32F3xx_HAL_Driver\Src\stm32f3xx_hal_nand.o
LOAD Drivers\STM32F3xx_HAL_Driver\Src\stm32f3xx_hal_iwdg.o
LOAD Drivers\STM32F3xx_HAL_Driver\Src\stm32f3xx_hal_irda.o
LOAD Drivers\STM32F3xx_HAL_Driver\Src\stm32f3xx_hal_i2s_ex.o
LOAD Drivers\STM32F3xx_HAL_Driver\Src\stm32f3xx_hal_i2s.o
LOAD Drivers\STM32F3xx_HAL_Driver\Src\stm32f3xx_hal_i2c_ex.o
LOAD Drivers\STM32F3xx_HAL_Driver\Src\stm32f3xx_hal_i2c.o
LOAD Drivers\STM32F3xx_HAL_Driver\Src\stm32f3xx_hal_hrtim.o
LOAD Drivers\STM32F3xx_HAL_Driver\Src\stm32f3xx_hal_gpio.o
LOAD Drivers\STM32F3xx_HAL_Driver\Src\stm32f3xx_hal_flash_ex.o
LOAD Drivers\STM32F3xx_HAL_Driver\Src\stm32f3xx_hal_flash.o
LOAD Drivers\STM32F3xx_HAL_Driver\Src\stm32f3xx_hal_dma.o
LOAD Drivers\STM32F3xx_HAL_Driver\Src\stm32f3xx_hal_dac_ex.o
LOAD Drivers\STM32F3xx_HAL_Driver\Src\stm32f3xx_hal_dac.o
LOAD Drivers\STM32F3xx_HAL_Driver\Src\stm32f3xx_hal_crc_ex.o
LOAD Drivers\STM32F3xx_HAL_Driver\Src\stm32f3xx_hal_crc.o
LOAD Drivers\STM32F3xx_HAL_Driver\Src\stm32f3xx_hal_cortex.o
LOAD Drivers\STM32F3xx_HAL_Driver\Src\stm32f3xx_hal_comp.o
LOAD Drivers\STM32F3xx_HAL_Driver\Src\stm32f3xx_hal_cec.o
LOAD Drivers\STM32F3xx_HAL_Driver\Src\stm32f3xx_hal_can.o
LOAD Drivers\STM32F3xx_HAL_Driver\Src\stm32f3xx_hal_adc_ex.o
LOAD Drivers\STM32F3xx_HAL_Driver\Src\stm32f3xx_hal_adc.o
LOAD Drivers\STM32F3xx_HAL_Driver\Src\stm32f3xx_hal.o
LOAD Drivers\BSP\STM32F3xx-Nucleo\stm32f3xx_nucleo.o
START GROUP
LOAD c:/program files (x86)/atollic/truestudio for arm 5.4.0/armtools/bin/../lib/gcc/arm-atollic-eabi/4.8.3/../../../../arm-atollic-eabi/lib/armv7e-m/fpu\libc_s.a
LOAD c:/program files (x86)/atollic/truestudio for arm 5.4.0/armtools/bin/../lib/gcc/arm-atollic-eabi/4.8.3/../../../../arm-atollic-eabi/lib/armv7e-m/fpu\libm.a
END GROUP
                0x00001000                malloc_getpagesize_P = 0x1000
START GROUP
LOAD c:/program files (x86)/atollic/truestudio for arm 5.4.0/armtools/bin/../lib/gcc/arm-atollic-eabi/4.8.3/armv7e-m/fpu\libgcc.a
LOAD c:/program files (x86)/atollic/truestudio for arm 5.4.0/armtools/bin/../lib/gcc/arm-atollic-eabi/4.8.3/../../../../arm-atollic-eabi/lib/armv7e-m/fpu\libc.a
END GROUP
LOAD c:/program files (x86)/atollic/truestudio for arm 5.4.0/armtools/bin/../lib/gcc/arm-atollic-eabi/4.8.3/armv7e-m/fpu/crtend.o
LOAD c:/program files (x86)/atollic/truestudio for arm 5.4.0/armtools/bin/../lib/gcc/arm-atollic-eabi/4.8.3/armv7e-m/fpu/crtn.o
                0x20004000                _estack = 0x20004000
                0x00000000                _Min_Heap_Size = 0x0
                0x00000080                _Min_Stack_Size = 0x80

.isr_vector     0x08000000      0x188
                0x08000000                . = ALIGN (0x4)
 *(.isr_vector)
 .isr_vector    0x08000000      0x188 src\startup_stm32f302x8.o
                0x08000000                g_pfnVectors
                0x08000188                . = ALIGN (0x4)

.text           0x08000188     0x2204
                0x08000188                . = ALIGN (0x4)
 *(.text)
 .text          0x08000188       0x40 c:/program files (x86)/atollic/truestudio for arm 5.4.0/armtools/bin/../lib/gcc/arm-atollic-eabi/4.8.3/armv7e-m/fpu/crtbegin.o
 *(.text*)
 .text.ws2812b_set_pixel
                0x080001c8       0xbc src\ws2812b\ws2812b.o
 .text.loadNextFramebufferData
                0x08000284       0x34 src\ws2812b\ws2812b.o
 .text.DMA_TransferCompleteHandler
                0x080002b8       0xb0 src\ws2812b\ws2812b.o
                0x080002b8                DMA_TransferCompleteHandler
 .text.WS2812_sendbuf
                0x08000368       0xcc src\ws2812b\ws2812b.o
 .text.DMA_TransferHalfHandler
                0x08000434       0x54 src\ws2812b\ws2812b.o
                0x08000434                DMA_TransferHalfHandler
 .text.ws2812b_gpio_init
                0x08000488       0x54 src\ws2812b\ws2812b.o
 .text.DMA_init
                0x080004dc      0x100 src\ws2812b\ws2812b.o
 .text.TIM2_init
                0x080005dc       0xd8 src\ws2812b\ws2812b.o
 .text.DMA1_Channel7_IRQHandler
                0x080006b4       0x10 src\ws2812b\ws2812b.o
                0x080006b4                DMA1_Channel7_IRQHandler
 .text.TIM2_IRQHandler
                0x080006c4       0x10 src\ws2812b\ws2812b.o
                0x080006c4                TIM2_IRQHandler
 .text.HAL_TIM_PeriodElapsedCallback
                0x080006d4       0x5c src\ws2812b\ws2812b.o
                0x080006d4                HAL_TIM_PeriodElapsedCallback
 .text.ws2812b_init
                0x08000730       0x1c src\ws2812b\ws2812b.o
                0x08000730                ws2812b_init
 .text.ws2812b_handle
                0x0800074c       0x1c src\ws2812b\ws2812b.o
                0x0800074c                ws2812b_handle
 .text.Wheel    0x08000768       0x48 src\visEffect.o
                0x08000768                Wheel
 .text.visRainbow
                0x080007b0       0x50 src\visEffect.o
                0x080007b0                visRainbow
 .text.visDots  0x08000800       0x94 src\visEffect.o
                0x08000800                visDots
 .text.visHandle2
                0x08000894       0x3c src\visEffect.o
                0x08000894                visHandle2
 .text.visInit  0x080008d0       0x30 src\visEffect.o
                0x080008d0                visInit
 .text.visHandle
                0x08000900       0x20 src\visEffect.o
                0x08000900                visHandle
 .text.SystemInit
                0x08000920       0x68 src\system_stm32f3xx.o
                0x08000920                SystemInit
 .text.NMI_Handler
                0x08000988        0x4 src\stm32f3xx_it.o
                0x08000988                NMI_Handler
 .text.HardFault_Handler
                0x0800098c        0x4 src\stm32f3xx_it.o
                0x0800098c                HardFault_Handler
 .text.MemManage_Handler
                0x08000990        0x4 src\stm32f3xx_it.o
                0x08000990                MemManage_Handler
 .text.BusFault_Handler
                0x08000994        0x4 src\stm32f3xx_it.o
                0x08000994                BusFault_Handler
 .text.UsageFault_Handler
                0x08000998        0x4 src\stm32f3xx_it.o
                0x08000998                UsageFault_Handler
 .text.SVC_Handler
                0x0800099c        0x4 src\stm32f3xx_it.o
                0x0800099c                SVC_Handler
 .text.DebugMon_Handler
                0x080009a0        0x4 src\stm32f3xx_it.o
                0x080009a0                DebugMon_Handler
 .text.PendSV_Handler
                0x080009a4        0x4 src\stm32f3xx_it.o
                0x080009a4                PendSV_Handler
 .text.SysTick_Handler
                0x080009a8        0x8 src\stm32f3xx_it.o
                0x080009a8                SysTick_Handler
 .text.Reset_Handler
                0x080009b0       0x5c src\startup_stm32f302x8.o
                0x080009b0                Reset_Handler
 .text.Default_Handler
                0x08000a0c        0x4 src\startup_stm32f302x8.o
                0x08000a0c                RTC_Alarm_IRQHandler
                0x08000a0c                TIM1_CC_IRQHandler
                0x08000a0c                USB_HP_IRQHandler
                0x08000a0c                PVD_IRQHandler
                0x08000a0c                TAMP_STAMP_IRQHandler
                0x08000a0c                EXTI3_IRQHandler
                0x08000a0c                I2C3_ER_IRQHandler
                0x08000a0c                USB_HP_CAN_TX_IRQHandler
                0x08000a0c                EXTI0_IRQHandler
                0x08000a0c                I2C2_EV_IRQHandler
                0x08000a0c                FPU_IRQHandler
                0x08000a0c                TIM1_UP_TIM16_IRQHandler
                0x08000a0c                CAN_SCE_IRQHandler
                0x08000a0c                TIM6_DAC_IRQHandler
                0x08000a0c                DMA1_Channel4_IRQHandler
                0x08000a0c                ADC1_IRQHandler
                0x08000a0c                USART3_IRQHandler
                0x08000a0c                CAN_RX1_IRQHandler
                0x08000a0c                I2C1_EV_IRQHandler
                0x08000a0c                DMA1_Channel6_IRQHandler
                0x08000a0c                RCC_IRQHandler
                0x08000a0c                DMA1_Channel1_IRQHandler
                0x08000a0c                Default_Handler
                0x08000a0c                USBWakeUp_RMP_IRQHandler
                0x08000a0c                EXTI15_10_IRQHandler
                0x08000a0c                COMP2_IRQHandler
                0x08000a0c                I2C3_EV_IRQHandler
                0x08000a0c                EXTI9_5_IRQHandler
                0x08000a0c                RTC_WKUP_IRQHandler
                0x08000a0c                SPI2_IRQHandler
                0x08000a0c                USB_LP_CAN_RX0_IRQHandler
                0x08000a0c                DMA1_Channel5_IRQHandler
                0x08000a0c                USB_LP_IRQHandler
                0x08000a0c                EXTI4_IRQHandler
                0x08000a0c                TIM1_TRG_COM_TIM17_IRQHandler
                0x08000a0c                DMA1_Channel3_IRQHandler
                0x08000a0c                WWDG_IRQHandler
                0x08000a0c                EXTI1_IRQHandler
                0x08000a0c                COMP4_6_IRQHandler
                0x08000a0c                USART2_IRQHandler
                0x08000a0c                I2C2_ER_IRQHandler
                0x08000a0c                DMA1_Channel2_IRQHandler
                0x08000a0c                FLASH_IRQHandler
                0x08000a0c                USART1_IRQHandler
                0x08000a0c                SPI3_IRQHandler
                0x08000a0c                I2C1_ER_IRQHandler
                0x08000a0c                USBWakeUp_IRQHandler
                0x08000a0c                EXTI2_TSC_IRQHandler
                0x08000a0c                TIM1_BRK_TIM15_IRQHandler
 .text.SystemClock_Config
                0x08000a10       0x38 src\main.o
 .text.main     0x08000a48       0x14 src\main.o
                0x08000a48                main
 .text.TIM_OC5_SetConfig
                0x08000a5c       0x60 Drivers\STM32F3xx_HAL_Driver\Src\stm32f3xx_hal_tim_ex.o
 .text.TIM_OC6_SetConfig
                0x08000abc       0x64 Drivers\STM32F3xx_HAL_Driver\Src\stm32f3xx_hal_tim_ex.o
 .text.HAL_TIM_PWM_ConfigChannel
                0x08000b20       0xf8 Drivers\STM32F3xx_HAL_Driver\Src\stm32f3xx_hal_tim_ex.o
                0x08000b20                HAL_TIM_PWM_ConfigChannel
 .text.HAL_TIMEx_CommutationCallback
                0x08000c18        0x4 Drivers\STM32F3xx_HAL_Driver\Src\stm32f3xx_hal_tim_ex.o
                0x08000c18                HAL_TIMEx_CommutationCallback
 .text.HAL_TIMEx_BreakCallback
                0x08000c1c        0x4 Drivers\STM32F3xx_HAL_Driver\Src\stm32f3xx_hal_tim_ex.o
                0x08000c1c                HAL_TIMEx_BreakCallback
 .text.HAL_TIM_Base_Start
                0x08000c20       0x1c Drivers\STM32F3xx_HAL_Driver\Src\stm32f3xx_hal_tim.o
                0x08000c20                HAL_TIM_Base_Start
 .text.HAL_TIM_PWM_MspInit
                0x08000c3c        0x4 Drivers\STM32F3xx_HAL_Driver\Src\stm32f3xx_hal_tim.o
                0x08000c3c                HAL_TIM_PWM_MspInit
 .text.HAL_TIM_OC_DelayElapsedCallback
                0x08000c40        0x4 Drivers\STM32F3xx_HAL_Driver\Src\stm32f3xx_hal_tim.o
                0x08000c40                HAL_TIM_OC_DelayElapsedCallback
 .text.HAL_TIM_IC_CaptureCallback
                0x08000c44        0x4 Drivers\STM32F3xx_HAL_Driver\Src\stm32f3xx_hal_tim.o
                0x08000c44                HAL_TIM_IC_CaptureCallback
 .text.HAL_TIM_PWM_PulseFinishedCallback
                0x08000c48        0x4 Drivers\STM32F3xx_HAL_Driver\Src\stm32f3xx_hal_tim.o
                0x08000c48                HAL_TIM_PWM_PulseFinishedCallback
 .text.HAL_TIM_TriggerCallback
                0x08000c4c        0x4 Drivers\STM32F3xx_HAL_Driver\Src\stm32f3xx_hal_tim.o
                0x08000c4c                HAL_TIM_TriggerCallback
 .text.HAL_TIM_IRQHandler
                0x08000c50      0x174 Drivers\STM32F3xx_HAL_Driver\Src\stm32f3xx_hal_tim.o
                0x08000c50                HAL_TIM_IRQHandler
 .text.TIM_Base_SetConfig
                0x08000dc4       0x78 Drivers\STM32F3xx_HAL_Driver\Src\stm32f3xx_hal_tim.o
                0x08000dc4                TIM_Base_SetConfig
 .text.HAL_TIM_PWM_Init
                0x08000e3c       0x38 Drivers\STM32F3xx_HAL_Driver\Src\stm32f3xx_hal_tim.o
                0x08000e3c                HAL_TIM_PWM_Init
 .text.TIM_OC1_SetConfig
                0x08000e74       0x8c Drivers\STM32F3xx_HAL_Driver\Src\stm32f3xx_hal_tim.o
                0x08000e74                TIM_OC1_SetConfig
 .text.TIM_OC2_SetConfig
                0x08000f00       0x7c Drivers\STM32F3xx_HAL_Driver\Src\stm32f3xx_hal_tim.o
                0x08000f00                TIM_OC2_SetConfig
 .text.TIM_OC3_SetConfig
                0x08000f7c       0x7c Drivers\STM32F3xx_HAL_Driver\Src\stm32f3xx_hal_tim.o
                0x08000f7c                TIM_OC3_SetConfig
 .text.TIM_OC4_SetConfig
                0x08000ff8       0x64 Drivers\STM32F3xx_HAL_Driver\Src\stm32f3xx_hal_tim.o
                0x08000ff8                TIM_OC4_SetConfig
 .text.TIM_CCxChannelCmd
                0x0800105c       0x1c Drivers\STM32F3xx_HAL_Driver\Src\stm32f3xx_hal_tim.o
                0x0800105c                TIM_CCxChannelCmd
 .text.HAL_TIM_PWM_Start
                0x08001078       0x58 Drivers\STM32F3xx_HAL_Driver\Src\stm32f3xx_hal_tim.o
                0x08001078                HAL_TIM_PWM_Start
 .text.HAL_RCC_OscConfig
                0x080010d0      0x6b4 Drivers\STM32F3xx_HAL_Driver\Src\stm32f3xx_hal_rcc.o
                0x080010d0                HAL_RCC_OscConfig
 .text.HAL_RCC_ClockConfig
                0x08001784      0x300 Drivers\STM32F3xx_HAL_Driver\Src\stm32f3xx_hal_rcc.o
                0x08001784                HAL_RCC_ClockConfig
 .text.HAL_RCC_GetSysClockFreq
                0x08001a84       0x80 Drivers\STM32F3xx_HAL_Driver\Src\stm32f3xx_hal_rcc.o
                0x08001a84                HAL_RCC_GetSysClockFreq
 .text.HAL_RCC_GetHCLKFreq
                0x08001b04       0x34 Drivers\STM32F3xx_HAL_Driver\Src\stm32f3xx_hal_rcc.o
                0x08001b04                HAL_RCC_GetHCLKFreq
 .text.HAL_GPIO_Init
                0x08001b38      0x1c8 Drivers\STM32F3xx_HAL_Driver\Src\stm32f3xx_hal_gpio.o
                0x08001b38                HAL_GPIO_Init
 .text.DMA_SetConfig
                0x08001d00       0x24 Drivers\STM32F3xx_HAL_Driver\Src\stm32f3xx_hal_dma.o
 .text.HAL_DMA_Init
                0x08001d24       0x54 Drivers\STM32F3xx_HAL_Driver\Src\stm32f3xx_hal_dma.o
                0x08001d24                HAL_DMA_Init
 .text.HAL_DMA_Start
                0x08001d78       0x3c Drivers\STM32F3xx_HAL_Driver\Src\stm32f3xx_hal_dma.o
                0x08001d78                HAL_DMA_Start
 .text.HAL_DMA_Start_IT
                0x08001db4       0x58 Drivers\STM32F3xx_HAL_Driver\Src\stm32f3xx_hal_dma.o
                0x08001db4                HAL_DMA_Start_IT
 .text.HAL_DMA_IRQHandler
                0x08001e0c      0x264 Drivers\STM32F3xx_HAL_Driver\Src\stm32f3xx_hal_dma.o
                0x08001e0c                HAL_DMA_IRQHandler
 .text.HAL_NVIC_SetPriorityGrouping
                0x08002070       0x24 Drivers\STM32F3xx_HAL_Driver\Src\stm32f3xx_hal_cortex.o
                0x08002070                HAL_NVIC_SetPriorityGrouping
 .text.HAL_NVIC_SetPriority
                0x08002094       0x64 Drivers\STM32F3xx_HAL_Driver\Src\stm32f3xx_hal_cortex.o
                0x08002094                HAL_NVIC_SetPriority
 .text.HAL_NVIC_EnableIRQ
                0x080020f8       0x18 Drivers\STM32F3xx_HAL_Driver\Src\stm32f3xx_hal_cortex.o
                0x080020f8                HAL_NVIC_EnableIRQ
 .text.HAL_SYSTICK_Config
                0x08002110       0x2c Drivers\STM32F3xx_HAL_Driver\Src\stm32f3xx_hal_cortex.o
                0x08002110                HAL_SYSTICK_Config
 .text.HAL_MspInit
                0x0800213c        0x4 Drivers\STM32F3xx_HAL_Driver\Src\stm32f3xx_hal.o
                0x0800213c                HAL_MspInit
 .text.HAL_InitTick
                0x08002140       0x28 Drivers\STM32F3xx_HAL_Driver\Src\stm32f3xx_hal.o
                0x08002140                HAL_InitTick
 .text.HAL_Init
                0x08002168       0x24 Drivers\STM32F3xx_HAL_Driver\Src\stm32f3xx_hal.o
                0x08002168                HAL_Init
 .text.HAL_IncTick
                0x0800218c       0x10 Drivers\STM32F3xx_HAL_Driver\Src\stm32f3xx_hal.o
                0x0800218c                HAL_IncTick
 .text.HAL_GetTick
                0x0800219c        0xc Drivers\STM32F3xx_HAL_Driver\Src\stm32f3xx_hal.o
                0x0800219c                HAL_GetTick
 .text.__libc_init_array
                0x080021a8       0x4c c:/program files (x86)/atollic/truestudio for arm 5.4.0/armtools/bin/../lib/gcc/arm-atollic-eabi/4.8.3/../../../../arm-atollic-eabi/lib/armv7e-m/fpu\libc_s.a(lib_a-init.o)
                0x080021a8                __libc_init_array
 .text.rand     0x080021f4       0x74 c:/program files (x86)/atollic/truestudio for arm 5.4.0/armtools/bin/../lib/gcc/arm-atollic-eabi/4.8.3/../../../../arm-atollic-eabi/lib/armv7e-m/fpu\libc_s.a(lib_a-rand.o)
                0x080021f4                rand
 .text.malloc   0x08002268       0x10 c:/program files (x86)/atollic/truestudio for arm 5.4.0/armtools/bin/../lib/gcc/arm-atollic-eabi/4.8.3/../../../../arm-atollic-eabi/lib/armv7e-m/fpu\libc_s.a(lib_a-malloc.o)
                0x08002268                malloc
 .text._malloc_r
                0x08002278       0xa8 c:/program files (x86)/atollic/truestudio for arm 5.4.0/armtools/bin/../lib/gcc/arm-atollic-eabi/4.8.3/../../../../arm-atollic-eabi/lib/armv7e-m/fpu\libc_s.a(lib_a-nano-mallocr.o)
                0x08002278                _malloc_r
 .text._sbrk_r  0x08002320       0x20 c:/program files (x86)/atollic/truestudio for arm 5.4.0/armtools/bin/../lib/gcc/arm-atollic-eabi/4.8.3/../../../../arm-atollic-eabi/lib/armv7e-m/fpu\libc_s.a(lib_a-sbrkr.o)
                0x08002320                _sbrk_r
 .text._sbrk    0x08002340       0x34 c:/program files (x86)/atollic/truestudio for arm 5.4.0/armtools/bin/../lib/gcc/arm-atollic-eabi/4.8.3/../../../../arm-atollic-eabi/lib/armv7e-m/fpu\libc_s.a(lib_a-syscalls.o)
                0x08002340                _sbrk
 *(.glue_7)
 .glue_7        0x00000000        0x0 linker stubs
 *(.glue_7t)
 .glue_7t       0x00000000        0x0 linker stubs
 *(.eh_frame)
 .eh_frame      0x08002374        0x0 c:/program files (x86)/atollic/truestudio for arm 5.4.0/armtools/bin/../lib/gcc/arm-atollic-eabi/4.8.3/armv7e-m/fpu/crtbegin.o
 *(.init)
 .init          0x08002374        0x4 c:/program files (x86)/atollic/truestudio for arm 5.4.0/armtools/bin/../lib/gcc/arm-atollic-eabi/4.8.3/armv7e-m/fpu/crti.o
                0x08002374                _init
 .init          0x08002378        0x8 c:/program files (x86)/atollic/truestudio for arm 5.4.0/armtools/bin/../lib/gcc/arm-atollic-eabi/4.8.3/armv7e-m/fpu/crtn.o
 *(.fini)
 .fini          0x08002380        0x4 c:/program files (x86)/atollic/truestudio for arm 5.4.0/armtools/bin/../lib/gcc/arm-atollic-eabi/4.8.3/armv7e-m/fpu/crti.o
                0x08002380                _fini
 .fini          0x08002384        0x8 c:/program files (x86)/atollic/truestudio for arm 5.4.0/armtools/bin/../lib/gcc/arm-atollic-eabi/4.8.3/armv7e-m/fpu/crtn.o
                0x0800238c                . = ALIGN (0x4)
                0x0800238c                _etext = .

.vfp11_veneer   0x0800238c        0x0
 .vfp11_veneer  0x00000000        0x0 linker stubs

.v4_bx          0x0800238c        0x0
 .v4_bx         0x00000000        0x0 linker stubs

.iplt           0x0800238c        0x0
 .iplt          0x00000000        0x0 c:/program files (x86)/atollic/truestudio for arm 5.4.0/armtools/bin/../lib/gcc/arm-atollic-eabi/4.8.3/armv7e-m/fpu/crtbegin.o

.rodata         0x0800238c      0x134
                0x0800238c                . = ALIGN (0x4)
 *(.rodata)
 *(.rodata*)
 .rodata.gammaTable
                0x0800238c      0x100 src\ws2812b\ws2812b.o
                0x0800238c                gammaTable
 .rodata.aPredivFactorTable
                0x0800248c       0x10 Drivers\STM32F3xx_HAL_Driver\Src\stm32f3xx_hal_rcc.o
                0x0800248c                aPredivFactorTable
 .rodata.aPLLMULFactorTable
                0x0800249c       0x10 Drivers\STM32F3xx_HAL_Driver\Src\stm32f3xx_hal_rcc.o
                0x0800249c                aPLLMULFactorTable
 .rodata.aAPBAHBPrescTable
                0x080024ac       0x10 Drivers\STM32F3xx_HAL_Driver\Src\stm32f3xx_hal_rcc.o
                0x080024ac                aAPBAHBPrescTable
 .rodata.str1.1
                0x080024bc        0x2 c:/program files (x86)/atollic/truestudio for arm 5.4.0/armtools/bin/../lib/gcc/arm-atollic-eabi/4.8.3/../../../../arm-atollic-eabi/lib/armv7e-m/fpu\libc_s.a(lib_a-impure.o)
                0x080024c0                . = ALIGN (0x4)
 *fill*         0x080024be        0x2 

.rel.dyn        0x080024c0        0x0
 .rel.iplt      0x00000000        0x0 c:/program files (x86)/atollic/truestudio for arm 5.4.0/armtools/bin/../lib/gcc/arm-atollic-eabi/4.8.3/armv7e-m/fpu/crtbegin.o

.ARM.extab
 *(.ARM.extab* .gnu.linkonce.armextab.*)

.ARM            0x080024c0        0x0
                0x080024c0                __exidx_start = .
 *(.ARM.exidx*)
                0x080024c0                __exidx_end = .

.preinit_array  0x080024c0        0x0
                0x080024c0                PROVIDE (__preinit_array_start, .)
 *(.preinit_array*)
                0x080024c0                PROVIDE (__preinit_array_end, .)

.init_array     0x080024c0        0x4
                0x080024c0                PROVIDE (__init_array_start, .)
 *(SORT(.init_array.*))
 *(.init_array*)
 .init_array    0x080024c0        0x4 c:/program files (x86)/atollic/truestudio for arm 5.4.0/armtools/bin/../lib/gcc/arm-atollic-eabi/4.8.3/armv7e-m/fpu/crtbegin.o
                0x080024c4                PROVIDE (__init_array_end, .)

.fini_array     0x080024c4        0x4
                0x080024c4                PROVIDE (__fini_array_start, .)
 *(SORT(.fini_array.*))
 *(.fini_array*)
 .fini_array    0x080024c4        0x4 c:/program files (x86)/atollic/truestudio for arm 5.4.0/armtools/bin/../lib/gcc/arm-atollic-eabi/4.8.3/armv7e-m/fpu/crtbegin.o
                0x080024c8                PROVIDE (__fini_array_end, .)
                0x080024c8                _sidata = LOADADDR (.data)

.data           0x20000000       0x70 load address 0x080024c8
                0x20000000                . = ALIGN (0x4)
                0x20000000                _sdata = .
 *(.data)
 *(.data*)
 .data.WS2812_IO_High
                0x20000000        0x4 src\ws2812b\ws2812b.o
                0x20000000                WS2812_IO_High
 .data.WS2812_IO_Low
                0x20000004        0x4 src\ws2812b\ws2812b.o
                0x20000004                WS2812_IO_Low
 .data.SystemCoreClock
                0x20000008        0x4 src\system_stm32f3xx.o
                0x20000008                SystemCoreClock
 .data.impure_data
                0x2000000c       0x60 c:/program files (x86)/atollic/truestudio for arm 5.4.0/armtools/bin/../lib/gcc/arm-atollic-eabi/4.8.3/../../../../arm-atollic-eabi/lib/armv7e-m/fpu\libc_s.a(lib_a-impure.o)
 .data._impure_ptr
                0x2000006c        0x4 c:/program files (x86)/atollic/truestudio for arm 5.4.0/armtools/bin/../lib/gcc/arm-atollic-eabi/4.8.3/../../../../arm-atollic-eabi/lib/armv7e-m/fpu\libc_s.a(lib_a-impure.o)
                0x2000006c                _impure_ptr
                0x20000070                . = ALIGN (0x4)
                0x20000070                _edata = .
                0x08002538                _siccmram = LOADADDR (.ccmram)

.igot.plt       0x20000070        0x0 load address 0x08002538
 .igot.plt      0x00000000        0x0 c:/program files (x86)/atollic/truestudio for arm 5.4.0/armtools/bin/../lib/gcc/arm-atollic-eabi/4.8.3/armv7e-m/fpu/crtbegin.o

.ccmram         0x10000000        0x0 load address 0x08002538
                0x10000000                . = ALIGN (0x4)
                0x10000000                _sccmram = .
 *(.ccmram)
 *(.ccmram*)
                0x10000000                . = ALIGN (0x4)
                0x10000000                _eccmram = .
                0x10000000                . = ALIGN (0x4)

.bss            0x20000070      0x2d4
                0x20000070                _sbss = .
                0x20000070                __bss_start__ = _sbss
 *(.bss)
 .bss           0x20000070       0x1c c:/program files (x86)/atollic/truestudio for arm 5.4.0/armtools/bin/../lib/gcc/arm-atollic-eabi/4.8.3/armv7e-m/fpu/crtbegin.o
 *(.bss*)
 .bss.x.9569    0x2000008c        0x1 src\visEffect.o
 *fill*         0x2000008d        0x3 
 .bss.timestamp.9586
                0x20000090        0x4 src\visEffect.o
 .bss.uwTick    0x20000094        0x4 Drivers\STM32F3xx_HAL_Driver\Src\stm32f3xx_hal.o
 .bss.__malloc_sbrk_start
                0x20000098        0x4 c:/program files (x86)/atollic/truestudio for arm 5.4.0/armtools/bin/../lib/gcc/arm-atollic-eabi/4.8.3/../../../../arm-atollic-eabi/lib/armv7e-m/fpu\libc_s.a(lib_a-nano-mallocr.o)
                0x20000098                __malloc_sbrk_start
 .bss.__malloc_free_list
                0x2000009c        0x4 c:/program files (x86)/atollic/truestudio for arm 5.4.0/armtools/bin/../lib/gcc/arm-atollic-eabi/4.8.3/../../../../arm-atollic-eabi/lib/armv7e-m/fpu\libc_s.a(lib_a-nano-mallocr.o)
                0x2000009c                __malloc_free_list
 .bss.heap_end.5121
                0x200000a0        0x4 c:/program files (x86)/atollic/truestudio for arm 5.4.0/armtools/bin/../lib/gcc/arm-atollic-eabi/4.8.3/../../../../arm-atollic-eabi/lib/armv7e-m/fpu\libc_s.a(lib_a-syscalls.o)
 *(COMMON)
 COMMON         0x200000a4      0x1ac src\ws2812b\ws2812b.o
                0x200000a4                tim2OC2
                0x200000c0                dmaCC2
                0x200000f8                tim2OC1
                0x20000114                tim_period
                0x20000118                ws2812b
                0x20000144                dmaCC1
                0x2000017c                Tim2Handle
                0x200001b8                ws2812bDmaBitBuffer
                0x20000218                dmaUpdate
 COMMON         0x20000250       0xf0 src\visEffect.o
                0x20000250                frameBuffer2
                0x2000028c                frameBuffer
 COMMON         0x20000340        0x4 c:/program files (x86)/atollic/truestudio for arm 5.4.0/armtools/bin/../lib/gcc/arm-atollic-eabi/4.8.3/../../../../arm-atollic-eabi/lib/armv7e-m/fpu\libc_s.a(lib_a-reent.o)
                0x20000340                errno
                0x20000344                . = ALIGN (0x4)
                0x20000344                _ebss = .
                0x20000344                __bss_end__ = _ebss

._user_heap_stack
                0x20000344       0x80
                0x20000344                . = ALIGN (0x4)
                0x20000344                PROVIDE (end, .)
                0x20000344                PROVIDE (_end, .)
                0x20000344                . = (. + _Min_Heap_Size)
                0x200003c4                . = (. + _Min_Stack_Size)
 *fill*         0x20000344       0x80 
                0x200003c4                . = ALIGN (0x4)

.memory_b1_text
 *(.mb1text)
 *(.mb1text*)
 *(.mb1rodata)
 *(.mb1rodata*)

/DISCARD/
 libc.a(*)
 libm.a(*)
 libgcc.a(*)

.ARM.attributes
                0x00000000       0x30
 *(.ARM.attributes)
 .ARM.attributes
                0x00000000       0x22 c:/program files (x86)/atollic/truestudio for arm 5.4.0/armtools/bin/../lib/gcc/arm-atollic-eabi/4.8.3/armv7e-m/fpu/crti.o
 .ARM.attributes
                0x00000022       0x34 c:/program files (x86)/atollic/truestudio for arm 5.4.0/armtools/bin/../lib/gcc/arm-atollic-eabi/4.8.3/armv7e-m/fpu/crtbegin.o
 .ARM.attributes
                0x00000056       0x39 src\ws2812b\ws2812b.o
 .ARM.attributes
                0x0000008f       0x39 src\visEffect.o
 .ARM.attributes
                0x000000c8       0x39 src\system_stm32f3xx.o
 .ARM.attributes
                0x00000101       0x39 src\stm32f3xx_it.o
 .ARM.attributes
                0x0000013a       0x21 src\startup_stm32f302x8.o
 .ARM.attributes
                0x0000015b       0x39 src\main.o
 .ARM.attributes
                0x00000194       0x39 Drivers\STM32F3xx_HAL_Driver\Src\stm32f3xx_hal_tim_ex.o
 .ARM.attributes
                0x000001cd       0x39 Drivers\STM32F3xx_HAL_Driver\Src\stm32f3xx_hal_tim.o
 .ARM.attributes
                0x00000206       0x39 Drivers\STM32F3xx_HAL_Driver\Src\stm32f3xx_hal_rcc.o
 .ARM.attributes
                0x0000023f       0x39 Drivers\STM32F3xx_HAL_Driver\Src\stm32f3xx_hal_gpio.o
 .ARM.attributes
                0x00000278       0x39 Drivers\STM32F3xx_HAL_Driver\Src\stm32f3xx_hal_dma.o
 .ARM.attributes
                0x000002b1       0x39 Drivers\STM32F3xx_HAL_Driver\Src\stm32f3xx_hal_cortex.o
 .ARM.attributes
                0x000002ea       0x39 Drivers\STM32F3xx_HAL_Driver\Src\stm32f3xx_hal.o
 .ARM.attributes
                0x00000323       0x34 c:/program files (x86)/atollic/truestudio for arm 5.4.0/armtools/bin/../lib/gcc/arm-atollic-eabi/4.8.3/../../../../arm-atollic-eabi/lib/armv7e-m/fpu\libc_s.a(lib_a-init.o)
 .ARM.attributes
                0x00000357       0x34 c:/program files (x86)/atollic/truestudio for arm 5.4.0/armtools/bin/../lib/gcc/arm-atollic-eabi/4.8.3/../../../../arm-atollic-eabi/lib/armv7e-m/fpu\libc_s.a(lib_a-rand.o)
 .ARM.attributes
                0x0000038b       0x34 c:/program files (x86)/atollic/truestudio for arm 5.4.0/armtools/bin/../lib/gcc/arm-atollic-eabi/4.8.3/../../../../arm-atollic-eabi/lib/armv7e-m/fpu\libc_s.a(lib_a-impure.o)
 .ARM.attributes
                0x000003bf       0x34 c:/program files (x86)/atollic/truestudio for arm 5.4.0/armtools/bin/../lib/gcc/arm-atollic-eabi/4.8.3/../../../../arm-atollic-eabi/lib/armv7e-m/fpu\libc_s.a(lib_a-malloc.o)
 .ARM.attributes
                0x000003f3       0x34 c:/program files (x86)/atollic/truestudio for arm 5.4.0/armtools/bin/../lib/gcc/arm-atollic-eabi/4.8.3/../../../../arm-atollic-eabi/lib/armv7e-m/fpu\libc_s.a(lib_a-nano-mallocr.o)
 .ARM.attributes
                0x00000427       0x34 c:/program files (x86)/atollic/truestudio for arm 5.4.0/armtools/bin/../lib/gcc/arm-atollic-eabi/4.8.3/../../../../arm-atollic-eabi/lib/armv7e-m/fpu\libc_s.a(lib_a-sbrkr.o)
 .ARM.attributes
                0x0000045b       0x34 c:/program files (x86)/atollic/truestudio for arm 5.4.0/armtools/bin/../lib/gcc/arm-atollic-eabi/4.8.3/../../../../arm-atollic-eabi/lib/armv7e-m/fpu\libc_s.a(lib_a-syscalls.o)
 .ARM.attributes
                0x0000048f       0x34 c:/program files (x86)/atollic/truestudio for arm 5.4.0/armtools/bin/../lib/gcc/arm-atollic-eabi/4.8.3/../../../../arm-atollic-eabi/lib/armv7e-m/fpu\libc_s.a(lib_a-reent.o)
 .ARM.attributes
                0x000004c3       0x22 c:/program files (x86)/atollic/truestudio for arm 5.4.0/armtools/bin/../lib/gcc/arm-atollic-eabi/4.8.3/armv7e-m/fpu/crtn.o
OUTPUT(ws2812b_f3.elf elf32-littlearm)

.debug_info     0x00000000     0x97f0
 .debug_info    0x00000000     0x11ae src\ws2812b\ws2812b.o
 .debug_info    0x000011ae      0x3ed src\visEffect.o
 .debug_info    0x0000159b      0x3b7 src\system_stm32f3xx.o
 .debug_info    0x00001952      0x150 src\stm32f3xx_it.o
 .debug_info    0x00001aa2       0x83 src\startup_stm32f302x8.o
 .debug_info    0x00001b25      0x2f0 src\main.o
 .debug_info    0x00001e15     0x164e Drivers\STM32F3xx_HAL_Driver\Src\stm32f3xx_hal_tim_ex.o
 .debug_info    0x00003463     0x2dfc Drivers\STM32F3xx_HAL_Driver\Src\stm32f3xx_hal_tim.o
 .debug_info    0x0000625f     0x161a Drivers\STM32F3xx_HAL_Driver\Src\stm32f3xx_hal_rcc.o
 .debug_info    0x00007879      0x655 Drivers\STM32F3xx_HAL_Driver\Src\stm32f3xx_hal_gpio.o
 .debug_info    0x00007ece      0x626 Drivers\STM32F3xx_HAL_Driver\Src\stm32f3xx_hal_dma.o
 .debug_info    0x000084f4      0xc3c Drivers\STM32F3xx_HAL_Driver\Src\stm32f3xx_hal_cortex.o
 .debug_info    0x00009130      0x6c0 Drivers\STM32F3xx_HAL_Driver\Src\stm32f3xx_hal.o

.debug_abbrev   0x00000000     0x173b
 .debug_abbrev  0x00000000      0x308 src\ws2812b\ws2812b.o
 .debug_abbrev  0x00000308      0x1b5 src\visEffect.o
 .debug_abbrev  0x000004bd      0x101 src\system_stm32f3xx.o
 .debug_abbrev  0x000005be       0x9d src\stm32f3xx_it.o
 .debug_abbrev  0x0000065b       0x12 src\startup_stm32f302x8.o
 .debug_abbrev  0x0000066d      0x16c src\main.o
 .debug_abbrev  0x000007d9      0x23c Drivers\STM32F3xx_HAL_Driver\Src\stm32f3xx_hal_tim_ex.o
 .debug_abbrev  0x00000a15      0x23c Drivers\STM32F3xx_HAL_Driver\Src\stm32f3xx_hal_tim.o
 .debug_abbrev  0x00000c51      0x2c8 Drivers\STM32F3xx_HAL_Driver\Src\stm32f3xx_hal_rcc.o
 .debug_abbrev  0x00000f19      0x1c6 Drivers\STM32F3xx_HAL_Driver\Src\stm32f3xx_hal_gpio.o
 .debug_abbrev  0x000010df      0x1ef Drivers\STM32F3xx_HAL_Driver\Src\stm32f3xx_hal_dma.o
 .debug_abbrev  0x000012ce      0x28b Drivers\STM32F3xx_HAL_Driver\Src\stm32f3xx_hal_cortex.o
 .debug_abbrev  0x00001559      0x1e2 Drivers\STM32F3xx_HAL_Driver\Src\stm32f3xx_hal.o

.debug_loc      0x00000000     0x6983
 .debug_loc     0x00000000      0x456 src\ws2812b\ws2812b.o
 .debug_loc     0x00000456      0x1d2 src\visEffect.o
 .debug_loc     0x00000628      0x116 src\system_stm32f3xx.o
 .debug_loc     0x0000073e     0x136c Drivers\STM32F3xx_HAL_Driver\Src\stm32f3xx_hal_tim_ex.o
 .debug_loc     0x00001aaa     0x30f3 Drivers\STM32F3xx_HAL_Driver\Src\stm32f3xx_hal_tim.o
 .debug_loc     0x00004b9d     0x11dc Drivers\STM32F3xx_HAL_Driver\Src\stm32f3xx_hal_rcc.o
 .debug_loc     0x00005d79      0x2e0 Drivers\STM32F3xx_HAL_Driver\Src\stm32f3xx_hal_gpio.o
 .debug_loc     0x00006059      0x426 Drivers\STM32F3xx_HAL_Driver\Src\stm32f3xx_hal_dma.o
 .debug_loc     0x0000647f      0x4b9 Drivers\STM32F3xx_HAL_Driver\Src\stm32f3xx_hal_cortex.o
 .debug_loc     0x00006938       0x4b Drivers\STM32F3xx_HAL_Driver\Src\stm32f3xx_hal.o

.debug_aranges  0x00000000      0x900
 .debug_aranges
                0x00000000       0x80 src\ws2812b\ws2812b.o
 .debug_aranges
                0x00000080       0x48 src\visEffect.o
 .debug_aranges
                0x000000c8       0x28 src\system_stm32f3xx.o
 .debug_aranges
                0x000000f0       0x60 src\stm32f3xx_it.o
 .debug_aranges
                0x00000150       0x28 src\startup_stm32f302x8.o
 .debug_aranges
                0x00000178       0x28 src\main.o
 .debug_aranges
                0x000001a0      0x170 Drivers\STM32F3xx_HAL_Driver\Src\stm32f3xx_hal_tim_ex.o
 .debug_aranges
                0x00000310      0x368 Drivers\STM32F3xx_HAL_Driver\Src\stm32f3xx_hal_tim.o
 .debug_aranges
                0x00000678       0x88 Drivers\STM32F3xx_HAL_Driver\Src\stm32f3xx_hal_rcc.o
 .debug_aranges
                0x00000700       0x58 Drivers\STM32F3xx_HAL_Driver\Src\stm32f3xx_hal_gpio.o
 .debug_aranges
                0x00000758       0x68 Drivers\STM32F3xx_HAL_Driver\Src\stm32f3xx_hal_dma.o
 .debug_aranges
                0x000007c0       0x90 Drivers\STM32F3xx_HAL_Driver\Src\stm32f3xx_hal_cortex.o
 .debug_aranges
                0x00000850       0xb0 Drivers\STM32F3xx_HAL_Driver\Src\stm32f3xx_hal.o

.debug_ranges   0x00000000      0x9b8
 .debug_ranges  0x00000000       0xa0 src\ws2812b\ws2812b.o
 .debug_ranges  0x000000a0       0x38 src\visEffect.o
 .debug_ranges  0x000000d8       0x18 src\system_stm32f3xx.o
 .debug_ranges  0x000000f0       0x50 src\stm32f3xx_it.o
 .debug_ranges  0x00000140       0x20 src\startup_stm32f302x8.o
 .debug_ranges  0x00000160       0x18 src\main.o
 .debug_ranges  0x00000178      0x160 Drivers\STM32F3xx_HAL_Driver\Src\stm32f3xx_hal_tim_ex.o
 .debug_ranges  0x000002d8      0x358 Drivers\STM32F3xx_HAL_Driver\Src\stm32f3xx_hal_tim.o
 .debug_ranges  0x00000630      0x1b0 Drivers\STM32F3xx_HAL_Driver\Src\stm32f3xx_hal_rcc.o
 .debug_ranges  0x000007e0       0x60 Drivers\STM32F3xx_HAL_Driver\Src\stm32f3xx_hal_gpio.o
 .debug_ranges  0x00000840       0x58 Drivers\STM32F3xx_HAL_Driver\Src\stm32f3xx_hal_dma.o
 .debug_ranges  0x00000898       0x80 Drivers\STM32F3xx_HAL_Driver\Src\stm32f3xx_hal_cortex.o
 .debug_ranges  0x00000918       0xa0 Drivers\STM32F3xx_HAL_Driver\Src\stm32f3xx_hal.o

.debug_line     0x00000000     0x3e9b
 .debug_line    0x00000000      0x3fa src\ws2812b\ws2812b.o
 .debug_line    0x000003fa      0x252 src\visEffect.o
 .debug_line    0x0000064c      0x1b5 src\system_stm32f3xx.o
 .debug_line    0x00000801      0x202 src\stm32f3xx_it.o
 .debug_line    0x00000a03       0x7b src\startup_stm32f302x8.o
 .debug_line    0x00000a7e      0x1d7 src\main.o
 .debug_line    0x00000c55      0x86d Drivers\STM32F3xx_HAL_Driver\Src\stm32f3xx_hal_tim_ex.o
 .debug_line    0x000014c2     0x1148 Drivers\STM32F3xx_HAL_Driver\Src\stm32f3xx_hal_tim.o
 .debug_line    0x0000260a      0x9a9 Drivers\STM32F3xx_HAL_Driver\Src\stm32f3xx_hal_rcc.o
 .debug_line    0x00002fb3      0x388 Drivers\STM32F3xx_HAL_Driver\Src\stm32f3xx_hal_gpio.o
 .debug_line    0x0000333b      0x4c1 Drivers\STM32F3xx_HAL_Driver\Src\stm32f3xx_hal_dma.o
 .debug_line    0x000037fc      0x346 Drivers\STM32F3xx_HAL_Driver\Src\stm32f3xx_hal_cortex.o
 .debug_line    0x00003b42      0x359 Drivers\STM32F3xx_HAL_Driver\Src\stm32f3xx_hal.o

.debug_str      0x00000000     0x2b70
 .debug_str     0x00000000      0xd06 src\ws2812b\ws2812b.o
                                0xd9e (size before relaxing)
 .debug_str     0x00000d06       0xae src\visEffect.o
                                0x348 (size before relaxing)
 .debug_str     0x00000db4       0xb8 src\system_stm32f3xx.o
                                0x2f7 (size before relaxing)
 .debug_str     0x00000e6c       0xb2 src\stm32f3xx_it.o
                                0x25f (size before relaxing)
 .debug_str     0x00000f1e      0x165 src\main.o
                                0x370 (size before relaxing)
 .debug_str     0x00001083      0x793 Drivers\STM32F3xx_HAL_Driver\Src\stm32f3xx_hal_tim_ex.o
                                0xddf (size before relaxing)
 .debug_str     0x00001816      0xa81 Drivers\STM32F3xx_HAL_Driver\Src\stm32f3xx_hal_tim.o
                               0x1363 (size before relaxing)
 .debug_str     0x00002297      0x21a Drivers\STM32F3xx_HAL_Driver\Src\stm32f3xx_hal_rcc.o
                                0x66a (size before relaxing)
 .debug_str     0x000024b1      0x185 Drivers\STM32F3xx_HAL_Driver\Src\stm32f3xx_hal_gpio.o
                                0x479 (size before relaxing)
 .debug_str     0x00002636       0xf2 Drivers\STM32F3xx_HAL_Driver\Src\stm32f3xx_hal_dma.o
                                0x534 (size before relaxing)
 .debug_str     0x00002728      0x2a9 Drivers\STM32F3xx_HAL_Driver\Src\stm32f3xx_hal_cortex.o
                                0x957 (size before relaxing)
 .debug_str     0x000029d1      0x19f Drivers\STM32F3xx_HAL_Driver\Src\stm32f3xx_hal.o
                                0x811 (size before relaxing)

.comment        0x00000000       0x82
 .comment       0x00000000       0x82 src\ws2812b\ws2812b.o
                                 0x83 (size before relaxing)
 .comment       0x00000000       0x83 src\visEffect.o
 .comment       0x00000000       0x83 src\system_stm32f3xx.o
 .comment       0x00000000       0x83 src\stm32f3xx_it.o
 .comment       0x00000000       0x83 src\main.o
 .comment       0x00000000       0x83 Drivers\STM32F3xx_HAL_Driver\Src\stm32f3xx_hal_tim_ex.o
 .comment       0x00000000       0x83 Drivers\STM32F3xx_HAL_Driver\Src\stm32f3xx_hal_tim.o
 .comment       0x00000000       0x83 Drivers\STM32F3xx_HAL_Driver\Src\stm32f3xx_hal_rcc.o
 .comment       0x00000000       0x83 Drivers\STM32F3xx_HAL_Driver\Src\stm32f3xx_hal_gpio.o
 .comment       0x00000000       0x83 Drivers\STM32F3xx_HAL_Driver\Src\stm32f3xx_hal_dma.o
 .comment       0x00000000       0x83 Drivers\STM32F3xx_HAL_Driver\Src\stm32f3xx_hal_cortex.o
 .comment       0x00000000       0x83 Drivers\STM32F3xx_HAL_Driver\Src\stm32f3xx_hal.o

.debug_frame    0x00000000     0x18c4
 .debug_frame   0x00000000      0x184 src\ws2812b\ws2812b.o
 .debug_frame   0x00000184       0xac src\visEffect.o
 .debug_frame   0x00000230       0x30 src\system_stm32f3xx.o
 .debug_frame   0x00000260       0xa8 src\stm32f3xx_it.o
 .debug_frame   0x00000308       0x44 src\main.o
 .debug_frame   0x0000034c      0x404 Drivers\STM32F3xx_HAL_Driver\Src\stm32f3xx_hal_tim_ex.o
 .debug_frame   0x00000750      0x94c Drivers\STM32F3xx_HAL_Driver\Src\stm32f3xx_hal_tim.o
 .debug_frame   0x0000109c      0x14c Drivers\STM32F3xx_HAL_Driver\Src\stm32f3xx_hal_rcc.o
 .debug_frame   0x000011e8       0xcc Drivers\STM32F3xx_HAL_Driver\Src\stm32f3xx_hal_gpio.o
 .debug_frame   0x000012b4      0x104 Drivers\STM32F3xx_HAL_Driver\Src\stm32f3xx_hal_dma.o
 .debug_frame   0x000013b8      0x11c Drivers\STM32F3xx_HAL_Driver\Src\stm32f3xx_hal_cortex.o
 .debug_frame   0x000014d4      0x164 Drivers\STM32F3xx_HAL_Driver\Src\stm32f3xx_hal.o
 .debug_frame   0x00001638       0x2c c:/program files (x86)/atollic/truestudio for arm 5.4.0/armtools/bin/../lib/gcc/arm-atollic-eabi/4.8.3/../../../../arm-atollic-eabi/lib/armv7e-m/fpu\libc_s.a(lib_a-init.o)
 .debug_frame   0x00001664       0x44 c:/program files (x86)/atollic/truestudio for arm 5.4.0/armtools/bin/../lib/gcc/arm-atollic-eabi/4.8.3/../../../../arm-atollic-eabi/lib/armv7e-m/fpu\libc_s.a(lib_a-rand.o)
 .debug_frame   0x000016a8       0x30 c:/program files (x86)/atollic/truestudio for arm 5.4.0/armtools/bin/../lib/gcc/arm-atollic-eabi/4.8.3/../../../../arm-atollic-eabi/lib/armv7e-m/fpu\libc_s.a(lib_a-malloc.o)
 .debug_frame   0x000016d8       0x2c c:/program files (x86)/atollic/truestudio for arm 5.4.0/armtools/bin/../lib/gcc/arm-atollic-eabi/4.8.3/../../../../arm-atollic-eabi/lib/armv7e-m/fpu\libc_s.a(lib_a-nano-mallocr.o)
 .debug_frame   0x00001704       0x2c c:/program files (x86)/atollic/truestudio for arm 5.4.0/armtools/bin/../lib/gcc/arm-atollic-eabi/4.8.3/../../../../arm-atollic-eabi/lib/armv7e-m/fpu\libc_s.a(lib_a-sbrkr.o)
 .debug_frame   0x00001730      0x14c c:/program files (x86)/atollic/truestudio for arm 5.4.0/armtools/bin/../lib/gcc/arm-atollic-eabi/4.8.3/../../../../arm-atollic-eabi/lib/armv7e-m/fpu\libc_s.a(lib_a-syscalls.o)
 .debug_frame   0x0000187c       0x48 c:/program files (x86)/atollic/truestudio for arm 5.4.0/armtools/bin/../lib/gcc/arm-atollic-eabi/4.8.3/../../../../arm-atollic-eabi/lib/armv7e-m/fpu\libc_s.a(lib_a-reent.o)

Cross Reference Table

Symbol                                            File
ADC1_IRQHandler                                   src\startup_stm32f302x8.o
AHBPrescTable                                     src\system_stm32f3xx.o
BSP_GetVersion                                    Drivers\BSP\STM32F3xx-Nucleo\stm32f3xx_nucleo.o
BSP_JOY_GetState                                  Drivers\BSP\STM32F3xx-Nucleo\stm32f3xx_nucleo.o
BSP_JOY_Init                                      Drivers\BSP\STM32F3xx-Nucleo\stm32f3xx_nucleo.o
BSP_LED_Init                                      Drivers\BSP\STM32F3xx-Nucleo\stm32f3xx_nucleo.o
BSP_LED_Off                                       Drivers\BSP\STM32F3xx-Nucleo\stm32f3xx_nucleo.o
BSP_LED_On                                        Drivers\BSP\STM32F3xx-Nucleo\stm32f3xx_nucleo.o
BSP_LED_Toggle                                    Drivers\BSP\STM32F3xx-Nucleo\stm32f3xx_nucleo.o
BSP_PB_GetState                                   Drivers\BSP\STM32F3xx-Nucleo\stm32f3xx_nucleo.o
BSP_PB_Init                                       Drivers\BSP\STM32F3xx-Nucleo\stm32f3xx_nucleo.o
BUTTON_IRQn                                       Drivers\BSP\STM32F3xx-Nucleo\stm32f3xx_nucleo.o
BUTTON_PIN                                        Drivers\BSP\STM32F3xx-Nucleo\stm32f3xx_nucleo.o
BUTTON_PORT                                       Drivers\BSP\STM32F3xx-Nucleo\stm32f3xx_nucleo.o
BusFault_Handler                                  src\stm32f3xx_it.o
CAN_RX1_IRQHandler                                src\startup_stm32f302x8.o
CAN_SCE_IRQHandler                                src\startup_stm32f302x8.o
COMP2_IRQHandler                                  src\startup_stm32f302x8.o
COMP4_6_IRQHandler                                src\startup_stm32f302x8.o
DMA1_Channel1_IRQHandler                          src\startup_stm32f302x8.o
DMA1_Channel2_IRQHandler                          src\startup_stm32f302x8.o
DMA1_Channel3_IRQHandler                          src\startup_stm32f302x8.o
DMA1_Channel4_IRQHandler                          src\startup_stm32f302x8.o
DMA1_Channel5_IRQHandler                          src\startup_stm32f302x8.o
DMA1_Channel6_IRQHandler                          src\startup_stm32f302x8.o
DMA1_Channel7_IRQHandler                          src\ws2812b\ws2812b.o
DMA_TransferCompleteHandler                       src\ws2812b\ws2812b.o
DMA_TransferHalfHandler                           src\ws2812b\ws2812b.o
DebugMon_Handler                                  src\stm32f3xx_it.o
Default_Handler                                   src\startup_stm32f302x8.o
EXTI0_IRQHandler                                  src\startup_stm32f302x8.o
EXTI15_10_IRQHandler                              src\startup_stm32f302x8.o
EXTI1_IRQHandler                                  src\startup_stm32f302x8.o
EXTI2_TSC_IRQHandler                              src\startup_stm32f302x8.o
EXTI3_IRQHandler                                  src\startup_stm32f302x8.o
EXTI4_IRQHandler                                  src\startup_stm32f302x8.o
EXTI9_5_IRQHandler                                src\startup_stm32f302x8.o
FLASH_IRQHandler                                  src\startup_stm32f302x8.o
FLASH_PageErase                                   Drivers\STM32F3xx_HAL_Driver\Src\stm32f3xx_hal_flash_ex.o
                                                  Drivers\STM32F3xx_HAL_Driver\Src\stm32f3xx_hal_flash.o
FLASH_WaitForLastOperation                        Drivers\STM32F3xx_HAL_Driver\Src\stm32f3xx_hal_flash.o
                                                  Drivers\STM32F3xx_HAL_Driver\Src\stm32f3xx_hal_flash_ex.o
FPU_IRQHandler                                    src\startup_stm32f302x8.o
HAL_ADCEx_Calibration_GetValue                    Drivers\STM32F3xx_HAL_Driver\Src\stm32f3xx_hal_adc_ex.o
HAL_ADCEx_Calibration_SetValue                    Drivers\STM32F3xx_HAL_Driver\Src\stm32f3xx_hal_adc_ex.o
HAL_ADCEx_Calibration_Start                       Drivers\STM32F3xx_HAL_Driver\Src\stm32f3xx_hal_adc_ex.o
                                                  Drivers\BSP\STM32F3xx-Nucleo\stm32f3xx_nucleo.o
HAL_ADCEx_InjectedConfigChannel                   Drivers\STM32F3xx_HAL_Driver\Src\stm32f3xx_hal_adc_ex.o
HAL_ADCEx_InjectedConvCpltCallback                Drivers\STM32F3xx_HAL_Driver\Src\stm32f3xx_hal_adc_ex.o
HAL_ADCEx_InjectedGetValue                        Drivers\STM32F3xx_HAL_Driver\Src\stm32f3xx_hal_adc_ex.o
HAL_ADCEx_InjectedPollForConversion               Drivers\STM32F3xx_HAL_Driver\Src\stm32f3xx_hal_adc_ex.o
HAL_ADCEx_InjectedQueueOverflowCallback           Drivers\STM32F3xx_HAL_Driver\Src\stm32f3xx_hal_adc_ex.o
HAL_ADCEx_InjectedStart                           Drivers\STM32F3xx_HAL_Driver\Src\stm32f3xx_hal_adc_ex.o
HAL_ADCEx_InjectedStart_IT                        Drivers\STM32F3xx_HAL_Driver\Src\stm32f3xx_hal_adc_ex.o
HAL_ADCEx_InjectedStop                            Drivers\STM32F3xx_HAL_Driver\Src\stm32f3xx_hal_adc_ex.o
HAL_ADCEx_InjectedStop_IT                         Drivers\STM32F3xx_HAL_Driver\Src\stm32f3xx_hal_adc_ex.o
HAL_ADCEx_LevelOutOfWindow2Callback               Drivers\STM32F3xx_HAL_Driver\Src\stm32f3xx_hal_adc_ex.o
HAL_ADCEx_LevelOutOfWindow3Callback               Drivers\STM32F3xx_HAL_Driver\Src\stm32f3xx_hal_adc_ex.o
HAL_ADCEx_RegularStop                             Drivers\STM32F3xx_HAL_Driver\Src\stm32f3xx_hal_adc_ex.o
HAL_ADCEx_RegularStop_DMA                         Drivers\STM32F3xx_HAL_Driver\Src\stm32f3xx_hal_adc_ex.o
HAL_ADCEx_RegularStop_IT                          Drivers\STM32F3xx_HAL_Driver\Src\stm32f3xx_hal_adc_ex.o
HAL_ADC_AnalogWDGConfig                           Drivers\STM32F3xx_HAL_Driver\Src\stm32f3xx_hal_adc_ex.o
HAL_ADC_ConfigChannel                             Drivers\STM32F3xx_HAL_Driver\Src\stm32f3xx_hal_adc_ex.o
                                                  Drivers\BSP\STM32F3xx-Nucleo\stm32f3xx_nucleo.o
HAL_ADC_ConvCpltCallback                          Drivers\STM32F3xx_HAL_Driver\Src\stm32f3xx_hal_adc.o
                                                  Drivers\STM32F3xx_HAL_Driver\Src\stm32f3xx_hal_adc_ex.o
HAL_ADC_ConvHalfCpltCallback                      Drivers\STM32F3xx_HAL_Driver\Src\stm32f3xx_hal_adc.o
                                                  Drivers\STM32F3xx_HAL_Driver\Src\stm32f3xx_hal_adc_ex.o
HAL_ADC_DeInit                                    Drivers\STM32F3xx_HAL_Driver\Src\stm32f3xx_hal_adc_ex.o
HAL_ADC_ErrorCallback                             Drivers\STM32F3xx_HAL_Driver\Src\stm32f3xx_hal_adc.o
                                                  Drivers\STM32F3xx_HAL_Driver\Src\stm32f3xx_hal_adc_ex.o
HAL_ADC_GetError                                  Drivers\STM32F3xx_HAL_Driver\Src\stm32f3xx_hal_adc.o
HAL_ADC_GetState                                  Drivers\STM32F3xx_HAL_Driver\Src\stm32f3xx_hal_adc.o
                                                  Drivers\BSP\STM32F3xx-Nucleo\stm32f3xx_nucleo.o
HAL_ADC_GetValue                                  Drivers\STM32F3xx_HAL_Driver\Src\stm32f3xx_hal_adc_ex.o
                                                  Drivers\BSP\STM32F3xx-Nucleo\stm32f3xx_nucleo.o
HAL_ADC_IRQHandler                                Drivers\STM32F3xx_HAL_Driver\Src\stm32f3xx_hal_adc_ex.o
HAL_ADC_Init                                      Drivers\STM32F3xx_HAL_Driver\Src\stm32f3xx_hal_adc_ex.o
                                                  Drivers\BSP\STM32F3xx-Nucleo\stm32f3xx_nucleo.o
HAL_ADC_LevelOutOfWindowCallback                  Drivers\STM32F3xx_HAL_Driver\Src\stm32f3xx_hal_adc.o
                                                  Drivers\STM32F3xx_HAL_Driver\Src\stm32f3xx_hal_adc_ex.o
HAL_ADC_MspDeInit                                 Drivers\STM32F3xx_HAL_Driver\Src\stm32f3xx_hal_adc.o
                                                  Drivers\STM32F3xx_HAL_Driver\Src\stm32f3xx_hal_adc_ex.o
HAL_ADC_MspInit                                   Drivers\STM32F3xx_HAL_Driver\Src\stm32f3xx_hal_adc.o
                                                  Drivers\STM32F3xx_HAL_Driver\Src\stm32f3xx_hal_adc_ex.o
HAL_ADC_PollForConversion                         Drivers\STM32F3xx_HAL_Driver\Src\stm32f3xx_hal_adc_ex.o
                                                  Drivers\BSP\STM32F3xx-Nucleo\stm32f3xx_nucleo.o
HAL_ADC_PollForEvent                              Drivers\STM32F3xx_HAL_Driver\Src\stm32f3xx_hal_adc_ex.o
HAL_ADC_Start                                     Drivers\STM32F3xx_HAL_Driver\Src\stm32f3xx_hal_adc_ex.o
                                                  Drivers\BSP\STM32F3xx-Nucleo\stm32f3xx_nucleo.o
HAL_ADC_Start_DMA                                 Drivers\STM32F3xx_HAL_Driver\Src\stm32f3xx_hal_adc_ex.o
HAL_ADC_Start_IT                                  Drivers\STM32F3xx_HAL_Driver\Src\stm32f3xx_hal_adc_ex.o
HAL_ADC_Stop                                      Drivers\STM32F3xx_HAL_Driver\Src\stm32f3xx_hal_adc_ex.o
HAL_ADC_Stop_DMA                                  Drivers\STM32F3xx_HAL_Driver\Src\stm32f3xx_hal_adc_ex.o
HAL_ADC_Stop_IT                                   Drivers\STM32F3xx_HAL_Driver\Src\stm32f3xx_hal_adc_ex.o
HAL_CAN_ConfigFilter                              Drivers\STM32F3xx_HAL_Driver\Src\stm32f3xx_hal_can.o
HAL_CAN_DeInit                                    Drivers\STM32F3xx_HAL_Driver\Src\stm32f3xx_hal_can.o
HAL_CAN_ErrorCallback                             Drivers\STM32F3xx_HAL_Driver\Src\stm32f3xx_hal_can.o
HAL_CAN_GetError                                  Drivers\STM32F3xx_HAL_Driver\Src\stm32f3xx_hal_can.o
HAL_CAN_GetState                                  Drivers\STM32F3xx_HAL_Driver\Src\stm32f3xx_hal_can.o
HAL_CAN_IRQHandler                                Drivers\STM32F3xx_HAL_Driver\Src\stm32f3xx_hal_can.o
HAL_CAN_Init                                      Drivers\STM32F3xx_HAL_Driver\Src\stm32f3xx_hal_can.o
HAL_CAN_MspDeInit                                 Drivers\STM32F3xx_HAL_Driver\Src\stm32f3xx_hal_can.o
HAL_CAN_MspInit                                   Drivers\STM32F3xx_HAL_Driver\Src\stm32f3xx_hal_can.o
HAL_CAN_Receive                                   Drivers\STM32F3xx_HAL_Driver\Src\stm32f3xx_hal_can.o
HAL_CAN_Receive_IT                                Drivers\STM32F3xx_HAL_Driver\Src\stm32f3xx_hal_can.o
HAL_CAN_RxCpltCallback                            Drivers\STM32F3xx_HAL_Driver\Src\stm32f3xx_hal_can.o
HAL_CAN_Sleep                                     Drivers\STM32F3xx_HAL_Driver\Src\stm32f3xx_hal_can.o
HAL_CAN_Transmit                                  Drivers\STM32F3xx_HAL_Driver\Src\stm32f3xx_hal_can.o
HAL_CAN_Transmit_IT                               Drivers\STM32F3xx_HAL_Driver\Src\stm32f3xx_hal_can.o
HAL_CAN_TxCpltCallback                            Drivers\STM32F3xx_HAL_Driver\Src\stm32f3xx_hal_can.o
HAL_CAN_WakeUp                                    Drivers\STM32F3xx_HAL_Driver\Src\stm32f3xx_hal_can.o
HAL_COMP_DeInit                                   Drivers\STM32F3xx_HAL_Driver\Src\stm32f3xx_hal_comp.o
HAL_COMP_GetOutputLevel                           Drivers\STM32F3xx_HAL_Driver\Src\stm32f3xx_hal_comp.o
HAL_COMP_GetState                                 Drivers\STM32F3xx_HAL_Driver\Src\stm32f3xx_hal_comp.o
HAL_COMP_IRQHandler                               Drivers\STM32F3xx_HAL_Driver\Src\stm32f3xx_hal_comp.o
HAL_COMP_Init                                     Drivers\STM32F3xx_HAL_Driver\Src\stm32f3xx_hal_comp.o
HAL_COMP_Lock                                     Drivers\STM32F3xx_HAL_Driver\Src\stm32f3xx_hal_comp.o
HAL_COMP_MspDeInit                                Drivers\STM32F3xx_HAL_Driver\Src\stm32f3xx_hal_comp.o
HAL_COMP_MspInit                                  Drivers\STM32F3xx_HAL_Driver\Src\stm32f3xx_hal_comp.o
HAL_COMP_Start                                    Drivers\STM32F3xx_HAL_Driver\Src\stm32f3xx_hal_comp.o
HAL_COMP_Start_IT                                 Drivers\STM32F3xx_HAL_Driver\Src\stm32f3xx_hal_comp.o
HAL_COMP_Stop                                     Drivers\STM32F3xx_HAL_Driver\Src\stm32f3xx_hal_comp.o
HAL_COMP_Stop_IT                                  Drivers\STM32F3xx_HAL_Driver\Src\stm32f3xx_hal_comp.o
HAL_COMP_TriggerCallback                          Drivers\STM32F3xx_HAL_Driver\Src\stm32f3xx_hal_comp.o
HAL_CRCEx_Input_Data_Reverse                      Drivers\STM32F3xx_HAL_Driver\Src\stm32f3xx_hal_crc_ex.o
HAL_CRCEx_Output_Data_Reverse                     Drivers\STM32F3xx_HAL_Driver\Src\stm32f3xx_hal_crc_ex.o
HAL_CRCEx_Polynomial_Set                          Drivers\STM32F3xx_HAL_Driver\Src\stm32f3xx_hal_crc_ex.o
                                                  Drivers\STM32F3xx_HAL_Driver\Src\stm32f3xx_hal_crc.o
HAL_CRC_Accumulate                                Drivers\STM32F3xx_HAL_Driver\Src\stm32f3xx_hal_crc.o
HAL_CRC_Calculate                                 Drivers\STM32F3xx_HAL_Driver\Src\stm32f3xx_hal_crc.o
HAL_CRC_DeInit                                    Drivers\STM32F3xx_HAL_Driver\Src\stm32f3xx_hal_crc.o
HAL_CRC_GetState                                  Drivers\STM32F3xx_HAL_Driver\Src\stm32f3xx_hal_crc.o
HAL_CRC_Init                                      Drivers\STM32F3xx_HAL_Driver\Src\stm32f3xx_hal_crc.o
HAL_CRC_MspDeInit                                 Drivers\STM32F3xx_HAL_Driver\Src\stm32f3xx_hal_crc.o
HAL_CRC_MspInit                                   Drivers\STM32F3xx_HAL_Driver\Src\stm32f3xx_hal_crc.o
HAL_DACEx_DualGetValue                            Drivers\STM32F3xx_HAL_Driver\Src\stm32f3xx_hal_dac_ex.o
HAL_DACEx_DualSetValue                            Drivers\STM32F3xx_HAL_Driver\Src\stm32f3xx_hal_dac.o
HAL_DACEx_NoiseWaveGenerate                       Drivers\STM32F3xx_HAL_Driver\Src\stm32f3xx_hal_dac_ex.o
HAL_DACEx_TriangleWaveGenerate                    Drivers\STM32F3xx_HAL_Driver\Src\stm32f3xx_hal_dac_ex.o
HAL_DAC_ConfigChannel                             Drivers\STM32F3xx_HAL_Driver\Src\stm32f3xx_hal_dac_ex.o
HAL_DAC_ConvCpltCallbackCh1                       Drivers\STM32F3xx_HAL_Driver\Src\stm32f3xx_hal_dac.o
                                                  Drivers\STM32F3xx_HAL_Driver\Src\stm32f3xx_hal_dac_ex.o
HAL_DAC_ConvHalfCpltCallbackCh1                   Drivers\STM32F3xx_HAL_Driver\Src\stm32f3xx_hal_dac.o
                                                  Drivers\STM32F3xx_HAL_Driver\Src\stm32f3xx_hal_dac_ex.o
HAL_DAC_DMAUnderrunCallbackCh1                    Drivers\STM32F3xx_HAL_Driver\Src\stm32f3xx_hal_dac.o
                                                  Drivers\STM32F3xx_HAL_Driver\Src\stm32f3xx_hal_dac_ex.o
HAL_DAC_DeInit                                    Drivers\STM32F3xx_HAL_Driver\Src\stm32f3xx_hal_dac.o
HAL_DAC_ErrorCallbackCh1                          Drivers\STM32F3xx_HAL_Driver\Src\stm32f3xx_hal_dac.o
                                                  Drivers\STM32F3xx_HAL_Driver\Src\stm32f3xx_hal_dac_ex.o
HAL_DAC_GetError                                  Drivers\STM32F3xx_HAL_Driver\Src\stm32f3xx_hal_dac.o
HAL_DAC_GetState                                  Drivers\STM32F3xx_HAL_Driver\Src\stm32f3xx_hal_dac.o
HAL_DAC_GetValue                                  Drivers\STM32F3xx_HAL_Driver\Src\stm32f3xx_hal_dac_ex.o
HAL_DAC_IRQHandler                                Drivers\STM32F3xx_HAL_Driver\Src\stm32f3xx_hal_dac_ex.o
HAL_DAC_Init                                      Drivers\STM32F3xx_HAL_Driver\Src\stm32f3xx_hal_dac.o
HAL_DAC_MspDeInit                                 Drivers\STM32F3xx_HAL_Driver\Src\stm32f3xx_hal_dac.o
HAL_DAC_MspInit                                   Drivers\STM32F3xx_HAL_Driver\Src\stm32f3xx_hal_dac.o
HAL_DAC_SetValue                                  Drivers\STM32F3xx_HAL_Driver\Src\stm32f3xx_hal_dac_ex.o
HAL_DAC_Start                                     Drivers\STM32F3xx_HAL_Driver\Src\stm32f3xx_hal_dac_ex.o
HAL_DAC_Start_DMA                                 Drivers\STM32F3xx_HAL_Driver\Src\stm32f3xx_hal_dac_ex.o
HAL_DAC_Stop                                      Drivers\STM32F3xx_HAL_Driver\Src\stm32f3xx_hal_dac.o
HAL_DAC_Stop_DMA                                  Drivers\STM32F3xx_HAL_Driver\Src\stm32f3xx_hal_dac.o
HAL_DBGMCU_DisableDBGSleepMode                    Drivers\STM32F3xx_HAL_Driver\Src\stm32f3xx_hal.o
HAL_DBGMCU_DisableDBGStandbyMode                  Drivers\STM32F3xx_HAL_Driver\Src\stm32f3xx_hal.o
HAL_DBGMCU_DisableDBGStopMode                     Drivers\STM32F3xx_HAL_Driver\Src\stm32f3xx_hal.o
HAL_DBGMCU_EnableDBGSleepMode                     Drivers\STM32F3xx_HAL_Driver\Src\stm32f3xx_hal.o
HAL_DBGMCU_EnableDBGStandbyMode                   Drivers\STM32F3xx_HAL_Driver\Src\stm32f3xx_hal.o
HAL_DBGMCU_EnableDBGStopMode                      Drivers\STM32F3xx_HAL_Driver\Src\stm32f3xx_hal.o
HAL_DMA_Abort                                     Drivers\STM32F3xx_HAL_Driver\Src\stm32f3xx_hal_dma.o
                                                  Drivers\STM32F3xx_HAL_Driver\Src\stm32f3xx_hal_adc_ex.o
                                                  Drivers\STM32F3xx_HAL_Driver\Src\stm32f3xx_hal_dac.o
                                                  Drivers\STM32F3xx_HAL_Driver\Src\stm32f3xx_hal_i2c.o
                                                  Drivers\STM32F3xx_HAL_Driver\Src\stm32f3xx_hal_i2s.o
                                                  Drivers\STM32F3xx_HAL_Driver\Src\stm32f3xx_hal_i2s_ex.o
                                                  Drivers\STM32F3xx_HAL_Driver\Src\stm32f3xx_hal_irda.o
                                                  Drivers\STM32F3xx_HAL_Driver\Src\stm32f3xx_hal_spi.o
                                                  Drivers\STM32F3xx_HAL_Driver\Src\stm32f3xx_hal_tim.o
                                                  Drivers\STM32F3xx_HAL_Driver\Src\stm32f3xx_hal_uart.o
                                                  Drivers\STM32F3xx_HAL_Driver\Src\stm32f3xx_hal_usart.o
HAL_DMA_DeInit                                    Drivers\STM32F3xx_HAL_Driver\Src\stm32f3xx_hal_dma.o
HAL_DMA_GetError                                  Drivers\STM32F3xx_HAL_Driver\Src\stm32f3xx_hal_dma.o
HAL_DMA_GetState                                  Drivers\STM32F3xx_HAL_Driver\Src\stm32f3xx_hal_dma.o
HAL_DMA_IRQHandler                                Drivers\STM32F3xx_HAL_Driver\Src\stm32f3xx_hal_dma.o
                                                  src\ws2812b\ws2812b.o
HAL_DMA_Init                                      Drivers\STM32F3xx_HAL_Driver\Src\stm32f3xx_hal_dma.o
                                                  src\ws2812b\ws2812b.o
HAL_DMA_PollForTransfer                           Drivers\STM32F3xx_HAL_Driver\Src\stm32f3xx_hal_dma.o
HAL_DMA_Start                                     Drivers\STM32F3xx_HAL_Driver\Src\stm32f3xx_hal_dma.o
                                                  src\ws2812b\ws2812b.o
HAL_DMA_Start_IT                                  Drivers\STM32F3xx_HAL_Driver\Src\stm32f3xx_hal_dma.o
                                                  Drivers\STM32F3xx_HAL_Driver\Src\stm32f3xx_hal_adc_ex.o
                                                  Drivers\STM32F3xx_HAL_Driver\Src\stm32f3xx_hal_dac_ex.o
                                                  Drivers\STM32F3xx_HAL_Driver\Src\stm32f3xx_hal_i2c.o
                                                  Drivers\STM32F3xx_HAL_Driver\Src\stm32f3xx_hal_i2s.o
                                                  Drivers\STM32F3xx_HAL_Driver\Src\stm32f3xx_hal_irda.o
                                                  Drivers\STM32F3xx_HAL_Driver\Src\stm32f3xx_hal_smartcard.o
                                                  Drivers\STM32F3xx_HAL_Driver\Src\stm32f3xx_hal_spi.o
                                                  Drivers\STM32F3xx_HAL_Driver\Src\stm32f3xx_hal_tim.o
                                                  Drivers\STM32F3xx_HAL_Driver\Src\stm32f3xx_hal_tim_ex.o
                                                  Drivers\STM32F3xx_HAL_Driver\Src\stm32f3xx_hal_uart.o
                                                  Drivers\STM32F3xx_HAL_Driver\Src\stm32f3xx_hal_usart.o
                                                  src\ws2812b\ws2812b.o
HAL_DeInit                                        Drivers\STM32F3xx_HAL_Driver\Src\stm32f3xx_hal.o
HAL_Delay                                         Drivers\STM32F3xx_HAL_Driver\Src\stm32f3xx_hal.o
                                                  Drivers\BSP\STM32F3xx-Nucleo\stm32f3xx_nucleo.o
                                                  Drivers\STM32F3xx_HAL_Driver\Src\stm32f3xx_hal_opamp.o
HAL_FLASHEx_Erase                                 Drivers\STM32F3xx_HAL_Driver\Src\stm32f3xx_hal_flash_ex.o
HAL_FLASHEx_Erase_IT                              Drivers\STM32F3xx_HAL_Driver\Src\stm32f3xx_hal_flash_ex.o
HAL_FLASHEx_OBErase                               Drivers\STM32F3xx_HAL_Driver\Src\stm32f3xx_hal_flash_ex.o
HAL_FLASHEx_OBGetConfig                           Drivers\STM32F3xx_HAL_Driver\Src\stm32f3xx_hal_flash_ex.o
HAL_FLASHEx_OBGetUserData                         Drivers\STM32F3xx_HAL_Driver\Src\stm32f3xx_hal_flash_ex.o
HAL_FLASHEx_OBProgram                             Drivers\STM32F3xx_HAL_Driver\Src\stm32f3xx_hal_flash_ex.o
HAL_FLASH_EndOfOperationCallback                  Drivers\STM32F3xx_HAL_Driver\Src\stm32f3xx_hal_flash.o
HAL_FLASH_GetError                                Drivers\STM32F3xx_HAL_Driver\Src\stm32f3xx_hal_flash.o
HAL_FLASH_IRQHandler                              Drivers\STM32F3xx_HAL_Driver\Src\stm32f3xx_hal_flash.o
HAL_FLASH_Lock                                    Drivers\STM32F3xx_HAL_Driver\Src\stm32f3xx_hal_flash.o
HAL_FLASH_OB_Launch                               Drivers\STM32F3xx_HAL_Driver\Src\stm32f3xx_hal_flash.o
HAL_FLASH_OB_Lock                                 Drivers\STM32F3xx_HAL_Driver\Src\stm32f3xx_hal_flash.o
HAL_FLASH_OB_Unlock                               Drivers\STM32F3xx_HAL_Driver\Src\stm32f3xx_hal_flash.o
HAL_FLASH_OperationErrorCallback                  Drivers\STM32F3xx_HAL_Driver\Src\stm32f3xx_hal_flash.o
HAL_FLASH_Program                                 Drivers\STM32F3xx_HAL_Driver\Src\stm32f3xx_hal_flash.o
HAL_FLASH_Program_IT                              Drivers\STM32F3xx_HAL_Driver\Src\stm32f3xx_hal_flash.o
HAL_FLASH_Unlock                                  Drivers\STM32F3xx_HAL_Driver\Src\stm32f3xx_hal_flash.o
HAL_GPIO_DeInit                                   Drivers\STM32F3xx_HAL_Driver\Src\stm32f3xx_hal_gpio.o
HAL_GPIO_EXTI_Callback                            Drivers\STM32F3xx_HAL_Driver\Src\stm32f3xx_hal_gpio.o
HAL_GPIO_EXTI_IRQHandler                          Drivers\STM32F3xx_HAL_Driver\Src\stm32f3xx_hal_gpio.o
HAL_GPIO_Init                                     Drivers\STM32F3xx_HAL_Driver\Src\stm32f3xx_hal_gpio.o
                                                  Drivers\BSP\STM32F3xx-Nucleo\stm32f3xx_nucleo.o
                                                  Drivers\STM32F3xx_HAL_Driver\Src\stm32f3xx_hal_rcc.o
                                                  src\ws2812b\ws2812b.o
HAL_GPIO_LockPin                                  Drivers\STM32F3xx_HAL_Driver\Src\stm32f3xx_hal_gpio.o
HAL_GPIO_ReadPin                                  Drivers\STM32F3xx_HAL_Driver\Src\stm32f3xx_hal_gpio.o
                                                  Drivers\BSP\STM32F3xx-Nucleo\stm32f3xx_nucleo.o
HAL_GPIO_TogglePin                                Drivers\STM32F3xx_HAL_Driver\Src\stm32f3xx_hal_gpio.o
                                                  Drivers\BSP\STM32F3xx-Nucleo\stm32f3xx_nucleo.o
HAL_GPIO_WritePin                                 Drivers\STM32F3xx_HAL_Driver\Src\stm32f3xx_hal_gpio.o
                                                  Drivers\BSP\STM32F3xx-Nucleo\stm32f3xx_nucleo.o
HAL_GetDEVID                                      Drivers\STM32F3xx_HAL_Driver\Src\stm32f3xx_hal.o
HAL_GetHalVersion                                 Drivers\STM32F3xx_HAL_Driver\Src\stm32f3xx_hal.o
HAL_GetREVID                                      Drivers\STM32F3xx_HAL_Driver\Src\stm32f3xx_hal.o
HAL_GetTick                                       Drivers\STM32F3xx_HAL_Driver\Src\stm32f3xx_hal.o
                                                  Drivers\STM32F3xx_HAL_Driver\Src\stm32f3xx_hal_adc_ex.o
                                                  Drivers\STM32F3xx_HAL_Driver\Src\stm32f3xx_hal_can.o
                                                  Drivers\STM32F3xx_HAL_Driver\Src\stm32f3xx_hal_dma.o
                                                  Drivers\STM32F3xx_HAL_Driver\Src\stm32f3xx_hal_flash.o
                                                  Drivers\STM32F3xx_HAL_Driver\Src\stm32f3xx_hal_i2c.o
                                                  Drivers\STM32F3xx_HAL_Driver\Src\stm32f3xx_hal_i2s.o
                                                  Drivers\STM32F3xx_HAL_Driver\Src\stm32f3xx_hal_irda.o
                                                  Drivers\STM32F3xx_HAL_Driver\Src\stm32f3xx_hal_iwdg.o
                                                  Drivers\STM32F3xx_HAL_Driver\Src\stm32f3xx_hal_rcc.o
                                                  Drivers\STM32F3xx_HAL_Driver\Src\stm32f3xx_hal_rcc_ex.o
                                                  Drivers\STM32F3xx_HAL_Driver\Src\stm32f3xx_hal_rtc.o
                                                  Drivers\STM32F3xx_HAL_Driver\Src\stm32f3xx_hal_rtc_ex.o
                                                  Drivers\STM32F3xx_HAL_Driver\Src\stm32f3xx_hal_smartcard.o
                                                  Drivers\STM32F3xx_HAL_Driver\Src\stm32f3xx_hal_smbus.o
                                                  Drivers\STM32F3xx_HAL_Driver\Src\stm32f3xx_hal_spi.o
                                                  Drivers\STM32F3xx_HAL_Driver\Src\stm32f3xx_hal_uart.o
                                                  Drivers\STM32F3xx_HAL_Driver\Src\stm32f3xx_hal_usart.o
                                                  src\visEffect.o
HAL_HalfDuplex_EnableReceiver                     Drivers\STM32F3xx_HAL_Driver\Src\stm32f3xx_hal_uart.o
HAL_HalfDuplex_EnableTransmitter                  Drivers\STM32F3xx_HAL_Driver\Src\stm32f3xx_hal_uart.o
HAL_HalfDuplex_Init                               Drivers\STM32F3xx_HAL_Driver\Src\stm32f3xx_hal_uart.o
HAL_I2CEx_ConfigAnalogFilter                      Drivers\STM32F3xx_HAL_Driver\Src\stm32f3xx_hal_i2c_ex.o
HAL_I2CEx_ConfigDigitalFilter                     Drivers\STM32F3xx_HAL_Driver\Src\stm32f3xx_hal_i2c_ex.o
HAL_I2CEx_DisableFastModePlus                     Drivers\STM32F3xx_HAL_Driver\Src\stm32f3xx_hal_i2c_ex.o
HAL_I2CEx_DisableWakeUp                           Drivers\STM32F3xx_HAL_Driver\Src\stm32f3xx_hal_i2c_ex.o
HAL_I2CEx_EnableFastModePlus                      Drivers\STM32F3xx_HAL_Driver\Src\stm32f3xx_hal_i2c_ex.o
HAL_I2CEx_EnableWakeUp                            Drivers\STM32F3xx_HAL_Driver\Src\stm32f3xx_hal_i2c_ex.o
HAL_I2C_DeInit                                    Drivers\STM32F3xx_HAL_Driver\Src\stm32f3xx_hal_i2c.o
HAL_I2C_ER_IRQHandler                             Drivers\STM32F3xx_HAL_Driver\Src\stm32f3xx_hal_i2c.o
HAL_I2C_EV_IRQHandler                             Drivers\STM32F3xx_HAL_Driver\Src\stm32f3xx_hal_i2c.o
HAL_I2C_ErrorCallback                             Drivers\STM32F3xx_HAL_Driver\Src\stm32f3xx_hal_i2c.o
HAL_I2C_GetError                                  Drivers\STM32F3xx_HAL_Driver\Src\stm32f3xx_hal_i2c.o
HAL_I2C_GetState                                  Drivers\STM32F3xx_HAL_Driver\Src\stm32f3xx_hal_i2c.o
HAL_I2C_Init                                      Drivers\STM32F3xx_HAL_Driver\Src\stm32f3xx_hal_i2c.o
HAL_I2C_IsDeviceReady                             Drivers\STM32F3xx_HAL_Driver\Src\stm32f3xx_hal_i2c.o
HAL_I2C_MasterRxCpltCallback                      Drivers\STM32F3xx_HAL_Driver\Src\stm32f3xx_hal_i2c.o
HAL_I2C_MasterTxCpltCallback                      Drivers\STM32F3xx_HAL_Driver\Src\stm32f3xx_hal_i2c.o
HAL_I2C_Master_Receive                            Drivers\STM32F3xx_HAL_Driver\Src\stm32f3xx_hal_i2c.o
HAL_I2C_Master_Receive_DMA                        Drivers\STM32F3xx_HAL_Driver\Src\stm32f3xx_hal_i2c.o
HAL_I2C_Master_Receive_IT                         Drivers\STM32F3xx_HAL_Driver\Src\stm32f3xx_hal_i2c.o
HAL_I2C_Master_Transmit                           Drivers\STM32F3xx_HAL_Driver\Src\stm32f3xx_hal_i2c.o
HAL_I2C_Master_Transmit_DMA                       Drivers\STM32F3xx_HAL_Driver\Src\stm32f3xx_hal_i2c.o
HAL_I2C_Master_Transmit_IT                        Drivers\STM32F3xx_HAL_Driver\Src\stm32f3xx_hal_i2c.o
HAL_I2C_MemRxCpltCallback                         Drivers\STM32F3xx_HAL_Driver\Src\stm32f3xx_hal_i2c.o
HAL_I2C_MemTxCpltCallback                         Drivers\STM32F3xx_HAL_Driver\Src\stm32f3xx_hal_i2c.o
HAL_I2C_Mem_Read                                  Drivers\STM32F3xx_HAL_Driver\Src\stm32f3xx_hal_i2c.o
HAL_I2C_Mem_Read_DMA                              Drivers\STM32F3xx_HAL_Driver\Src\stm32f3xx_hal_i2c.o
HAL_I2C_Mem_Read_IT                               Drivers\STM32F3xx_HAL_Driver\Src\stm32f3xx_hal_i2c.o
HAL_I2C_Mem_Write                                 Drivers\STM32F3xx_HAL_Driver\Src\stm32f3xx_hal_i2c.o
HAL_I2C_Mem_Write_DMA                             Drivers\STM32F3xx_HAL_Driver\Src\stm32f3xx_hal_i2c.o
HAL_I2C_Mem_Write_IT                              Drivers\STM32F3xx_HAL_Driver\Src\stm32f3xx_hal_i2c.o
HAL_I2C_MspDeInit                                 Drivers\STM32F3xx_HAL_Driver\Src\stm32f3xx_hal_i2c.o
HAL_I2C_MspInit                                   Drivers\STM32F3xx_HAL_Driver\Src\stm32f3xx_hal_i2c.o
HAL_I2C_SlaveRxCpltCallback                       Drivers\STM32F3xx_HAL_Driver\Src\stm32f3xx_hal_i2c.o
HAL_I2C_SlaveTxCpltCallback                       Drivers\STM32F3xx_HAL_Driver\Src\stm32f3xx_hal_i2c.o
HAL_I2C_Slave_Receive                             Drivers\STM32F3xx_HAL_Driver\Src\stm32f3xx_hal_i2c.o
HAL_I2C_Slave_Receive_DMA                         Drivers\STM32F3xx_HAL_Driver\Src\stm32f3xx_hal_i2c.o
HAL_I2C_Slave_Receive_IT                          Drivers\STM32F3xx_HAL_Driver\Src\stm32f3xx_hal_i2c.o
HAL_I2C_Slave_Transmit                            Drivers\STM32F3xx_HAL_Driver\Src\stm32f3xx_hal_i2c.o
HAL_I2C_Slave_Transmit_DMA                        Drivers\STM32F3xx_HAL_Driver\Src\stm32f3xx_hal_i2c.o
HAL_I2C_Slave_Transmit_IT                         Drivers\STM32F3xx_HAL_Driver\Src\stm32f3xx_hal_i2c.o
HAL_I2S_DMAPause                                  Drivers\STM32F3xx_HAL_Driver\Src\stm32f3xx_hal_i2s_ex.o
HAL_I2S_DMAResume                                 Drivers\STM32F3xx_HAL_Driver\Src\stm32f3xx_hal_i2s_ex.o
HAL_I2S_DMAStop                                   Drivers\STM32F3xx_HAL_Driver\Src\stm32f3xx_hal_i2s_ex.o
HAL_I2S_DeInit                                    Drivers\STM32F3xx_HAL_Driver\Src\stm32f3xx_hal_i2s.o
HAL_I2S_ErrorCallback                             Drivers\STM32F3xx_HAL_Driver\Src\stm32f3xx_hal_i2s.o
HAL_I2S_GetError                                  Drivers\STM32F3xx_HAL_Driver\Src\stm32f3xx_hal_i2s.o
HAL_I2S_GetState                                  Drivers\STM32F3xx_HAL_Driver\Src\stm32f3xx_hal_i2s.o
HAL_I2S_IRQHandler                                Drivers\STM32F3xx_HAL_Driver\Src\stm32f3xx_hal_i2s.o
HAL_I2S_Init                                      Drivers\STM32F3xx_HAL_Driver\Src\stm32f3xx_hal_i2s_ex.o
HAL_I2S_MspDeInit                                 Drivers\STM32F3xx_HAL_Driver\Src\stm32f3xx_hal_i2s.o
HAL_I2S_MspInit                                   Drivers\STM32F3xx_HAL_Driver\Src\stm32f3xx_hal_i2s.o
                                                  Drivers\STM32F3xx_HAL_Driver\Src\stm32f3xx_hal_i2s_ex.o
HAL_I2S_Receive                                   Drivers\STM32F3xx_HAL_Driver\Src\stm32f3xx_hal_i2s.o
HAL_I2S_Receive_DMA                               Drivers\STM32F3xx_HAL_Driver\Src\stm32f3xx_hal_i2s.o
HAL_I2S_Receive_IT                                Drivers\STM32F3xx_HAL_Driver\Src\stm32f3xx_hal_i2s.o
HAL_I2S_RxCpltCallback                            Drivers\STM32F3xx_HAL_Driver\Src\stm32f3xx_hal_i2s.o
HAL_I2S_RxHalfCpltCallback                        Drivers\STM32F3xx_HAL_Driver\Src\stm32f3xx_hal_i2s.o
HAL_I2S_Transmit                                  Drivers\STM32F3xx_HAL_Driver\Src\stm32f3xx_hal_i2s.o
HAL_I2S_Transmit_DMA                              Drivers\STM32F3xx_HAL_Driver\Src\stm32f3xx_hal_i2s.o
HAL_I2S_Transmit_IT                               Drivers\STM32F3xx_HAL_Driver\Src\stm32f3xx_hal_i2s.o
HAL_I2S_TxCpltCallback                            Drivers\STM32F3xx_HAL_Driver\Src\stm32f3xx_hal_i2s.o
HAL_I2S_TxHalfCpltCallback                        Drivers\STM32F3xx_HAL_Driver\Src\stm32f3xx_hal_i2s.o
HAL_IRDA_DMAPause                                 Drivers\STM32F3xx_HAL_Driver\Src\stm32f3xx_hal_irda.o
HAL_IRDA_DMAResume                                Drivers\STM32F3xx_HAL_Driver\Src\stm32f3xx_hal_irda.o
HAL_IRDA_DMAStop                                  Drivers\STM32F3xx_HAL_Driver\Src\stm32f3xx_hal_irda.o
HAL_IRDA_DeInit                                   Drivers\STM32F3xx_HAL_Driver\Src\stm32f3xx_hal_irda.o
HAL_IRDA_ErrorCallback                            Drivers\STM32F3xx_HAL_Driver\Src\stm32f3xx_hal_irda.o
HAL_IRDA_GetError                                 Drivers\STM32F3xx_HAL_Driver\Src\stm32f3xx_hal_irda.o
HAL_IRDA_GetState                                 Drivers\STM32F3xx_HAL_Driver\Src\stm32f3xx_hal_irda.o
HAL_IRDA_IRQHandler                               Drivers\STM32F3xx_HAL_Driver\Src\stm32f3xx_hal_irda.o
HAL_IRDA_Init                                     Drivers\STM32F3xx_HAL_Driver\Src\stm32f3xx_hal_irda.o
HAL_IRDA_MspDeInit                                Drivers\STM32F3xx_HAL_Driver\Src\stm32f3xx_hal_irda.o
HAL_IRDA_MspInit                                  Drivers\STM32F3xx_HAL_Driver\Src\stm32f3xx_hal_irda.o
HAL_IRDA_Receive                                  Drivers\STM32F3xx_HAL_Driver\Src\stm32f3xx_hal_irda.o
HAL_IRDA_Receive_DMA                              Drivers\STM32F3xx_HAL_Driver\Src\stm32f3xx_hal_irda.o
HAL_IRDA_Receive_IT                               Drivers\STM32F3xx_HAL_Driver\Src\stm32f3xx_hal_irda.o
HAL_IRDA_RxCpltCallback                           Drivers\STM32F3xx_HAL_Driver\Src\stm32f3xx_hal_irda.o
HAL_IRDA_RxHalfCpltCallback                       Drivers\STM32F3xx_HAL_Driver\Src\stm32f3xx_hal_irda.o
HAL_IRDA_Transmit                                 Drivers\STM32F3xx_HAL_Driver\Src\stm32f3xx_hal_irda.o
HAL_IRDA_Transmit_DMA                             Drivers\STM32F3xx_HAL_Driver\Src\stm32f3xx_hal_irda.o
HAL_IRDA_Transmit_IT                              Drivers\STM32F3xx_HAL_Driver\Src\stm32f3xx_hal_irda.o
HAL_IRDA_TxCpltCallback                           Drivers\STM32F3xx_HAL_Driver\Src\stm32f3xx_hal_irda.o
HAL_IRDA_TxHalfCpltCallback                       Drivers\STM32F3xx_HAL_Driver\Src\stm32f3xx_hal_irda.o
HAL_IWDG_GetState                                 Drivers\STM32F3xx_HAL_Driver\Src\stm32f3xx_hal_iwdg.o
HAL_IWDG_Init                                     Drivers\STM32F3xx_HAL_Driver\Src\stm32f3xx_hal_iwdg.o
HAL_IWDG_MspInit                                  Drivers\STM32F3xx_HAL_Driver\Src\stm32f3xx_hal_iwdg.o
HAL_IWDG_Refresh                                  Drivers\STM32F3xx_HAL_Driver\Src\stm32f3xx_hal_iwdg.o
HAL_IWDG_Start                                    Drivers\STM32F3xx_HAL_Driver\Src\stm32f3xx_hal_iwdg.o
HAL_IncTick                                       Drivers\STM32F3xx_HAL_Driver\Src\stm32f3xx_hal.o
                                                  src\stm32f3xx_it.o
HAL_Init                                          Drivers\STM32F3xx_HAL_Driver\Src\stm32f3xx_hal.o
                                                  src\main.o
HAL_InitTick                                      Drivers\STM32F3xx_HAL_Driver\Src\stm32f3xx_hal.o
                                                  Drivers\STM32F3xx_HAL_Driver\Src\stm32f3xx_hal_rcc.o
HAL_LIN_Init                                      Drivers\STM32F3xx_HAL_Driver\Src\stm32f3xx_hal_uart.o
HAL_LIN_SendBreak                                 Drivers\STM32F3xx_HAL_Driver\Src\stm32f3xx_hal_uart.o
HAL_MspDeInit                                     Drivers\STM32F3xx_HAL_Driver\Src\stm32f3xx_hal.o
HAL_MspInit                                       Drivers\STM32F3xx_HAL_Driver\Src\stm32f3xx_hal.o
HAL_MultiProcessorEx_AddressLength_Set            Drivers\STM32F3xx_HAL_Driver\Src\stm32f3xx_hal_uart_ex.o
HAL_MultiProcessor_DisableMuteMode                Drivers\STM32F3xx_HAL_Driver\Src\stm32f3xx_hal_uart.o
HAL_MultiProcessor_EnableMuteMode                 Drivers\STM32F3xx_HAL_Driver\Src\stm32f3xx_hal_uart.o
HAL_MultiProcessor_EnterMuteMode                  Drivers\STM32F3xx_HAL_Driver\Src\stm32f3xx_hal_uart.o
HAL_MultiProcessor_Init                           Drivers\STM32F3xx_HAL_Driver\Src\stm32f3xx_hal_uart.o
HAL_NVIC_ClearPendingIRQ                          Drivers\STM32F3xx_HAL_Driver\Src\stm32f3xx_hal_cortex.o
HAL_NVIC_DisableIRQ                               Drivers\STM32F3xx_HAL_Driver\Src\stm32f3xx_hal_cortex.o
HAL_NVIC_EnableIRQ                                Drivers\STM32F3xx_HAL_Driver\Src\stm32f3xx_hal_cortex.o
                                                  Drivers\BSP\STM32F3xx-Nucleo\stm32f3xx_nucleo.o
                                                  src\ws2812b\ws2812b.o
HAL_NVIC_GetActive                                Drivers\STM32F3xx_HAL_Driver\Src\stm32f3xx_hal_cortex.o
HAL_NVIC_GetPendingIRQ                            Drivers\STM32F3xx_HAL_Driver\Src\stm32f3xx_hal_cortex.o
HAL_NVIC_GetPriority                              Drivers\STM32F3xx_HAL_Driver\Src\stm32f3xx_hal_cortex.o
HAL_NVIC_GetPriorityGrouping                      Drivers\STM32F3xx_HAL_Driver\Src\stm32f3xx_hal_cortex.o
HAL_NVIC_SetPendingIRQ                            Drivers\STM32F3xx_HAL_Driver\Src\stm32f3xx_hal_cortex.o
HAL_NVIC_SetPriority                              Drivers\STM32F3xx_HAL_Driver\Src\stm32f3xx_hal_cortex.o
                                                  Drivers\BSP\STM32F3xx-Nucleo\stm32f3xx_nucleo.o
                                                  Drivers\STM32F3xx_HAL_Driver\Src\stm32f3xx_hal.o
                                                  src\ws2812b\ws2812b.o
HAL_NVIC_SetPriorityGrouping                      Drivers\STM32F3xx_HAL_Driver\Src\stm32f3xx_hal_cortex.o
                                                  Drivers\STM32F3xx_HAL_Driver\Src\stm32f3xx_hal.o
HAL_NVIC_SystemReset                              Drivers\STM32F3xx_HAL_Driver\Src\stm32f3xx_hal_cortex.o
HAL_OPAMP_DeInit                                  Drivers\STM32F3xx_HAL_Driver\Src\stm32f3xx_hal_opamp.o
HAL_OPAMP_GetState                                Drivers\STM32F3xx_HAL_Driver\Src\stm32f3xx_hal_opamp.o
HAL_OPAMP_GetTrimOffset                           Drivers\STM32F3xx_HAL_Driver\Src\stm32f3xx_hal_opamp.o
HAL_OPAMP_Init                                    Drivers\STM32F3xx_HAL_Driver\Src\stm32f3xx_hal_opamp.o
HAL_OPAMP_Lock                                    Drivers\STM32F3xx_HAL_Driver\Src\stm32f3xx_hal_opamp.o
HAL_OPAMP_MspDeInit                               Drivers\STM32F3xx_HAL_Driver\Src\stm32f3xx_hal_opamp.o
HAL_OPAMP_MspInit                                 Drivers\STM32F3xx_HAL_Driver\Src\stm32f3xx_hal_opamp.o
HAL_OPAMP_SelfCalibrate                           Drivers\STM32F3xx_HAL_Driver\Src\stm32f3xx_hal_opamp.o
HAL_OPAMP_Start                                   Drivers\STM32F3xx_HAL_Driver\Src\stm32f3xx_hal_opamp.o
HAL_OPAMP_Stop                                    Drivers\STM32F3xx_HAL_Driver\Src\stm32f3xx_hal_opamp.o
HAL_PCDEx_PMAConfig                               Drivers\STM32F3xx_HAL_Driver\Src\stm32f3xx_hal_pcd_ex.o
HAL_PCDEx_SetConnectionState                      Drivers\STM32F3xx_HAL_Driver\Src\stm32f3xx_hal_pcd_ex.o
                                                  Drivers\STM32F3xx_HAL_Driver\Src\stm32f3xx_hal_pcd.o
HAL_PCD_ActivateRemoteWakeup                      Drivers\STM32F3xx_HAL_Driver\Src\stm32f3xx_hal_pcd.o
HAL_PCD_ConnectCallback                           Drivers\STM32F3xx_HAL_Driver\Src\stm32f3xx_hal_pcd.o
HAL_PCD_DataInStageCallback                       Drivers\STM32F3xx_HAL_Driver\Src\stm32f3xx_hal_pcd.o
HAL_PCD_DataOutStageCallback                      Drivers\STM32F3xx_HAL_Driver\Src\stm32f3xx_hal_pcd.o
HAL_PCD_DeActivateRemoteWakeup                    Drivers\STM32F3xx_HAL_Driver\Src\stm32f3xx_hal_pcd.o
HAL_PCD_DeInit                                    Drivers\STM32F3xx_HAL_Driver\Src\stm32f3xx_hal_pcd.o
HAL_PCD_DevConnect                                Drivers\STM32F3xx_HAL_Driver\Src\stm32f3xx_hal_pcd.o
HAL_PCD_DevDisconnect                             Drivers\STM32F3xx_HAL_Driver\Src\stm32f3xx_hal_pcd.o
HAL_PCD_DisconnectCallback                        Drivers\STM32F3xx_HAL_Driver\Src\stm32f3xx_hal_pcd.o
HAL_PCD_EP_Close                                  Drivers\STM32F3xx_HAL_Driver\Src\stm32f3xx_hal_pcd.o
HAL_PCD_EP_ClrStall                               Drivers\STM32F3xx_HAL_Driver\Src\stm32f3xx_hal_pcd.o
HAL_PCD_EP_Flush                                  Drivers\STM32F3xx_HAL_Driver\Src\stm32f3xx_hal_pcd.o
HAL_PCD_EP_GetRxCount                             Drivers\STM32F3xx_HAL_Driver\Src\stm32f3xx_hal_pcd.o
HAL_PCD_EP_Open                                   Drivers\STM32F3xx_HAL_Driver\Src\stm32f3xx_hal_pcd.o
HAL_PCD_EP_Receive                                Drivers\STM32F3xx_HAL_Driver\Src\stm32f3xx_hal_pcd.o
HAL_PCD_EP_SetStall                               Drivers\STM32F3xx_HAL_Driver\Src\stm32f3xx_hal_pcd.o
HAL_PCD_EP_Transmit                               Drivers\STM32F3xx_HAL_Driver\Src\stm32f3xx_hal_pcd.o
HAL_PCD_GetState                                  Drivers\STM32F3xx_HAL_Driver\Src\stm32f3xx_hal_pcd.o
HAL_PCD_IRQHandler                                Drivers\STM32F3xx_HAL_Driver\Src\stm32f3xx_hal_pcd.o
HAL_PCD_ISOINIncompleteCallback                   Drivers\STM32F3xx_HAL_Driver\Src\stm32f3xx_hal_pcd.o
HAL_PCD_ISOOUTIncompleteCallback                  Drivers\STM32F3xx_HAL_Driver\Src\stm32f3xx_hal_pcd.o
HAL_PCD_Init                                      Drivers\STM32F3xx_HAL_Driver\Src\stm32f3xx_hal_pcd.o
HAL_PCD_MspDeInit                                 Drivers\STM32F3xx_HAL_Driver\Src\stm32f3xx_hal_pcd.o
HAL_PCD_MspInit                                   Drivers\STM32F3xx_HAL_Driver\Src\stm32f3xx_hal_pcd.o
HAL_PCD_ResetCallback                             Drivers\STM32F3xx_HAL_Driver\Src\stm32f3xx_hal_pcd.o
HAL_PCD_ResumeCallback                            Drivers\STM32F3xx_HAL_Driver\Src\stm32f3xx_hal_pcd.o
HAL_PCD_SOFCallback                               Drivers\STM32F3xx_HAL_Driver\Src\stm32f3xx_hal_pcd.o
HAL_PCD_SetAddress                                Drivers\STM32F3xx_HAL_Driver\Src\stm32f3xx_hal_pcd.o
HAL_PCD_SetupStageCallback                        Drivers\STM32F3xx_HAL_Driver\Src\stm32f3xx_hal_pcd.o
HAL_PCD_Start                                     Drivers\STM32F3xx_HAL_Driver\Src\stm32f3xx_hal_pcd.o
HAL_PCD_Stop                                      Drivers\STM32F3xx_HAL_Driver\Src\stm32f3xx_hal_pcd.o
HAL_PCD_SuspendCallback                           Drivers\STM32F3xx_HAL_Driver\Src\stm32f3xx_hal_pcd.o
HAL_PWR_ConfigPVD                                 Drivers\STM32F3xx_HAL_Driver\Src\stm32f3xx_hal_pwr_ex.o
HAL_PWR_DeInit                                    Drivers\STM32F3xx_HAL_Driver\Src\stm32f3xx_hal_pwr.o
HAL_PWR_DisableBkUpAccess                         Drivers\STM32F3xx_HAL_Driver\Src\stm32f3xx_hal_pwr.o
HAL_PWR_DisablePVD                                Drivers\STM32F3xx_HAL_Driver\Src\stm32f3xx_hal_pwr_ex.o
HAL_PWR_DisableSEVOnPend                          Drivers\STM32F3xx_HAL_Driver\Src\stm32f3xx_hal_pwr.o
HAL_PWR_DisableSleepOnExit                        Drivers\STM32F3xx_HAL_Driver\Src\stm32f3xx_hal_pwr.o
HAL_PWR_DisableWakeUpPin                          Drivers\STM32F3xx_HAL_Driver\Src\stm32f3xx_hal_pwr.o
HAL_PWR_EnableBkUpAccess                          Drivers\STM32F3xx_HAL_Driver\Src\stm32f3xx_hal_pwr.o
HAL_PWR_EnablePVD                                 Drivers\STM32F3xx_HAL_Driver\Src\stm32f3xx_hal_pwr_ex.o
HAL_PWR_EnableSEVOnPend                           Drivers\STM32F3xx_HAL_Driver\Src\stm32f3xx_hal_pwr.o
HAL_PWR_EnableSleepOnExit                         Drivers\STM32F3xx_HAL_Driver\Src\stm32f3xx_hal_pwr.o
HAL_PWR_EnableWakeUpPin                           Drivers\STM32F3xx_HAL_Driver\Src\stm32f3xx_hal_pwr.o
HAL_PWR_EnterSLEEPMode                            Drivers\STM32F3xx_HAL_Driver\Src\stm32f3xx_hal_pwr.o
HAL_PWR_EnterSTANDBYMode                          Drivers\STM32F3xx_HAL_Driver\Src\stm32f3xx_hal_pwr.o
HAL_PWR_EnterSTOPMode                             Drivers\STM32F3xx_HAL_Driver\Src\stm32f3xx_hal_pwr.o
HAL_PWR_PVDCallback                               Drivers\STM32F3xx_HAL_Driver\Src\stm32f3xx_hal_pwr_ex.o
HAL_PWR_PVD_IRQHandler                            Drivers\STM32F3xx_HAL_Driver\Src\stm32f3xx_hal_pwr_ex.o
HAL_RCCEx_GetPeriphCLKConfig                      Drivers\STM32F3xx_HAL_Driver\Src\stm32f3xx_hal_rcc_ex.o
HAL_RCCEx_GetPeriphCLKFreq                        Drivers\STM32F3xx_HAL_Driver\Src\stm32f3xx_hal_rcc_ex.o
HAL_RCCEx_PeriphCLKConfig                         Drivers\STM32F3xx_HAL_Driver\Src\stm32f3xx_hal_rcc_ex.o
HAL_RCC_CSSCallback                               Drivers\STM32F3xx_HAL_Driver\Src\stm32f3xx_hal_rcc.o
HAL_RCC_ClockConfig                               Drivers\STM32F3xx_HAL_Driver\Src\stm32f3xx_hal_rcc.o
                                                  src\main.o
HAL_RCC_DeInit                                    Drivers\STM32F3xx_HAL_Driver\Src\stm32f3xx_hal_rcc.o
HAL_RCC_DisableCSS                                Drivers\STM32F3xx_HAL_Driver\Src\stm32f3xx_hal_rcc.o
HAL_RCC_EnableCSS                                 Drivers\STM32F3xx_HAL_Driver\Src\stm32f3xx_hal_rcc.o
HAL_RCC_GetClockConfig                            Drivers\STM32F3xx_HAL_Driver\Src\stm32f3xx_hal_rcc.o
HAL_RCC_GetHCLKFreq                               Drivers\STM32F3xx_HAL_Driver\Src\stm32f3xx_hal_rcc.o
                                                  Drivers\STM32F3xx_HAL_Driver\Src\stm32f3xx_hal.o
HAL_RCC_GetOscConfig                              Drivers\STM32F3xx_HAL_Driver\Src\stm32f3xx_hal_rcc.o
HAL_RCC_GetPCLK1Freq                              Drivers\STM32F3xx_HAL_Driver\Src\stm32f3xx_hal_rcc.o
                                                  Drivers\STM32F3xx_HAL_Driver\Src\stm32f3xx_hal_irda.o
                                                  Drivers\STM32F3xx_HAL_Driver\Src\stm32f3xx_hal_rcc_ex.o
                                                  Drivers\STM32F3xx_HAL_Driver\Src\stm32f3xx_hal_smartcard.o
                                                  Drivers\STM32F3xx_HAL_Driver\Src\stm32f3xx_hal_uart.o
                                                  Drivers\STM32F3xx_HAL_Driver\Src\stm32f3xx_hal_usart.o
HAL_RCC_GetPCLK2Freq                              Drivers\STM32F3xx_HAL_Driver\Src\stm32f3xx_hal_rcc.o
                                                  Drivers\STM32F3xx_HAL_Driver\Src\stm32f3xx_hal_irda.o
                                                  Drivers\STM32F3xx_HAL_Driver\Src\stm32f3xx_hal_smartcard.o
                                                  Drivers\STM32F3xx_HAL_Driver\Src\stm32f3xx_hal_uart.o
                                                  Drivers\STM32F3xx_HAL_Driver\Src\stm32f3xx_hal_usart.o
HAL_RCC_GetSysClockFreq                           Drivers\STM32F3xx_HAL_Driver\Src\stm32f3xx_hal_rcc.o
                                                  Drivers\STM32F3xx_HAL_Driver\Src\stm32f3xx_hal_irda.o
                                                  Drivers\STM32F3xx_HAL_Driver\Src\stm32f3xx_hal_rcc_ex.o
                                                  Drivers\STM32F3xx_HAL_Driver\Src\stm32f3xx_hal_smartcard.o
                                                  Drivers\STM32F3xx_HAL_Driver\Src\stm32f3xx_hal_uart.o
                                                  Drivers\STM32F3xx_HAL_Driver\Src\stm32f3xx_hal_usart.o
HAL_RCC_MCOConfig                                 Drivers\STM32F3xx_HAL_Driver\Src\stm32f3xx_hal_rcc.o
HAL_RCC_NMI_IRQHandler                            Drivers\STM32F3xx_HAL_Driver\Src\stm32f3xx_hal_rcc.o
HAL_RCC_OscConfig                                 Drivers\STM32F3xx_HAL_Driver\Src\stm32f3xx_hal_rcc.o
                                                  src\main.o
HAL_RS485Ex_Init                                  Drivers\STM32F3xx_HAL_Driver\Src\stm32f3xx_hal_uart_ex.o
HAL_RTCEx_AlarmBEventCallback                     Drivers\STM32F3xx_HAL_Driver\Src\stm32f3xx_hal_rtc_ex.o
                                                  Drivers\STM32F3xx_HAL_Driver\Src\stm32f3xx_hal_rtc.o
HAL_RTCEx_BKUPRead                                Drivers\STM32F3xx_HAL_Driver\Src\stm32f3xx_hal_rtc_ex.o
HAL_RTCEx_BKUPWrite                               Drivers\STM32F3xx_HAL_Driver\Src\stm32f3xx_hal_rtc_ex.o
HAL_RTCEx_DeactivateCalibrationOutPut             Drivers\STM32F3xx_HAL_Driver\Src\stm32f3xx_hal_rtc_ex.o
HAL_RTCEx_DeactivateRefClock                      Drivers\STM32F3xx_HAL_Driver\Src\stm32f3xx_hal_rtc_ex.o
HAL_RTCEx_DeactivateTamper                        Drivers\STM32F3xx_HAL_Driver\Src\stm32f3xx_hal_rtc_ex.o
HAL_RTCEx_DeactivateTimeStamp                     Drivers\STM32F3xx_HAL_Driver\Src\stm32f3xx_hal_rtc_ex.o
HAL_RTCEx_DeactivateWakeUpTimer                   Drivers\STM32F3xx_HAL_Driver\Src\stm32f3xx_hal_rtc_ex.o
HAL_RTCEx_DisableBypassShadow                     Drivers\STM32F3xx_HAL_Driver\Src\stm32f3xx_hal_rtc_ex.o